---
source: crates/lsp/src/handler/goto_definition.rs
expression: node_text
---
template X() {
            signal x[100];
            signal input x = 10;
           component x = Multiplier2();
           component y = X();
           component y = Multiplier2();
           component z = Multiplier2();
              
        }
