---
source: crates/parser/src/lexer.rs
expression: "&tokens"
---
- kind: EndLine
  text: "\n"
  range:
    start: 0
    end: 1
- kind: WhiteSpace
  text: "    "
  range:
    start: 1
    end: 5
- kind: FunctionKw
  text: function
  range:
    start: 5
    end: 13
- kind: WhiteSpace
  text: " "
  range:
    start: 13
    end: 14
- kind: Identifier
  text: nbits
  range:
    start: 14
    end: 19
- kind: LParen
  text: (
  range:
    start: 19
    end: 20
- kind: Identifier
  text: a
  range:
    start: 20
    end: 21
- kind: RParen
  text: )
  range:
    start: 21
    end: 22
- kind: WhiteSpace
  text: " "
  range:
    start: 22
    end: 23
- kind: LCurly
  text: "{"
  range:
    start: 23
    end: 24
- kind: EndLine
  text: "\n"
  range:
    start: 24
    end: 25
- kind: WhiteSpace
  text: "        "
  range:
    start: 25
    end: 33
- kind: VarKw
  text: var
  range:
    start: 33
    end: 36
- kind: WhiteSpace
  text: " "
  range:
    start: 36
    end: 37
- kind: Identifier
  text: n
  range:
    start: 37
    end: 38
- kind: WhiteSpace
  text: " "
  range:
    start: 38
    end: 39
- kind: Assign
  text: "="
  range:
    start: 39
    end: 40
- kind: WhiteSpace
  text: " "
  range:
    start: 40
    end: 41
- kind: Number
  text: "1"
  range:
    start: 41
    end: 42
- kind: Semicolon
  text: ;
  range:
    start: 42
    end: 43
- kind: EndLine
  text: "\n"
  range:
    start: 43
    end: 44
- kind: WhiteSpace
  text: "        "
  range:
    start: 44
    end: 52
- kind: VarKw
  text: var
  range:
    start: 52
    end: 55
- kind: WhiteSpace
  text: " "
  range:
    start: 55
    end: 56
- kind: Identifier
  text: r
  range:
    start: 56
    end: 57
- kind: WhiteSpace
  text: " "
  range:
    start: 57
    end: 58
- kind: Assign
  text: "="
  range:
    start: 58
    end: 59
- kind: WhiteSpace
  text: " "
  range:
    start: 59
    end: 60
- kind: Number
  text: "0"
  range:
    start: 60
    end: 61
- kind: Semicolon
  text: ;
  range:
    start: 61
    end: 62
- kind: EndLine
  text: "\n"
  range:
    start: 62
    end: 63
- kind: WhiteSpace
  text: "        "
  range:
    start: 63
    end: 71
- kind: WhileKw
  text: while
  range:
    start: 71
    end: 76
- kind: WhiteSpace
  text: " "
  range:
    start: 76
    end: 77
- kind: LParen
  text: (
  range:
    start: 77
    end: 78
- kind: Identifier
  text: n
  range:
    start: 78
    end: 79
- kind: Sub
  text: "-"
  range:
    start: 79
    end: 80
- kind: Number
  text: "1"
  range:
    start: 80
    end: 81
- kind: LessThan
  text: "<"
  range:
    start: 81
    end: 82
- kind: Identifier
  text: a
  range:
    start: 82
    end: 83
- kind: RParen
  text: )
  range:
    start: 83
    end: 84
- kind: WhiteSpace
  text: " "
  range:
    start: 84
    end: 85
- kind: LCurly
  text: "{"
  range:
    start: 85
    end: 86
- kind: EndLine
  text: "\n"
  range:
    start: 86
    end: 87
- kind: WhiteSpace
  text: "            "
  range:
    start: 87
    end: 99
- kind: Identifier
  text: r
  range:
    start: 99
    end: 100
- kind: UnitInc
  text: ++
  range:
    start: 100
    end: 102
- kind: Semicolon
  text: ;
  range:
    start: 102
    end: 103
- kind: EndLine
  text: "\n"
  range:
    start: 103
    end: 104
- kind: WhiteSpace
  text: "            "
  range:
    start: 104
    end: 116
- kind: Identifier
  text: n
  range:
    start: 116
    end: 117
- kind: WhiteSpace
  text: " "
  range:
    start: 117
    end: 118
- kind: MulAssign
  text: "*="
  range:
    start: 118
    end: 120
- kind: WhiteSpace
  text: " "
  range:
    start: 120
    end: 121
- kind: Number
  text: "2"
  range:
    start: 121
    end: 122
- kind: Semicolon
  text: ;
  range:
    start: 122
    end: 123
- kind: EndLine
  text: "\n"
  range:
    start: 123
    end: 124
- kind: WhiteSpace
  text: "        "
  range:
    start: 124
    end: 132
- kind: RCurly
  text: "}"
  range:
    start: 132
    end: 133
- kind: EndLine
  text: "\n"
  range:
    start: 133
    end: 134
- kind: WhiteSpace
  text: "        "
  range:
    start: 134
    end: 142
- kind: ReturnKw
  text: return
  range:
    start: 142
    end: 148
- kind: WhiteSpace
  text: " "
  range:
    start: 148
    end: 149
- kind: Identifier
  text: r
  range:
    start: 149
    end: 150
- kind: Semicolon
  text: ;
  range:
    start: 150
    end: 151
- kind: EndLine
  text: "\n"
  range:
    start: 151
    end: 152
- kind: WhiteSpace
  text: "    "
  range:
    start: 152
    end: 156
- kind: RCurly
  text: "}"
  range:
    start: 156
    end: 157
