---
source: crates/syntax/src/syntax.rs
expression: view_ast(& syntax)
---
 Block 0..828
|      LCurly 0..1
|     |      LCurly 0..1 "{"
|      EndLine 1..2
|     |      EndLine 1..2 "\n"
|      WhiteSpace 2..6
|     |      WhiteSpace 2..6 "    "
|      CommentLine 6..75
|     |      CommentLine 6..75 "// Associativity (must be LEFT-associative): a - b - c == (a - b) - c"
|      EndLine 75..76
|     |      EndLine 75..76 "\n"
|      WhiteSpace 76..80
|     |      WhiteSpace 76..80 "    "
|      StatementList 80..827
|     |      VarDecl 80..104
|     |     |      VarKw 80..83
|     |     |     |      VarKw 80..83 "var"
|     |     |      WhiteSpace 83..84
|     |     |     |      WhiteSpace 83..84 " "
|     |     |      ComplexIdentifier 84..93
|     |     |     |      Identifier 84..92
|     |     |     |     |      Identifier 84..92 "left_sub"
|     |     |     |      WhiteSpace 92..93
|     |     |     |     |      WhiteSpace 92..93 " "
|     |     |      Assign 93..94
|     |     |     |      Assign 93..94 "="
|     |     |      WhiteSpace 94..95
|     |     |     |      WhiteSpace 94..95 " "
|     |     |      Expression 95..104
|     |     |     |      Sub 95..104
|     |     |     |     |      Sub 95..101
|     |     |     |     |     |      ExpressionAtom 95..96
|     |     |     |     |     |     |      Identifier 95..96
|     |     |     |     |     |     |     |      Identifier 95..96 "a"
|     |     |     |     |     |      WhiteSpace 96..97
|     |     |     |     |     |     |      WhiteSpace 96..97 " "
|     |     |     |     |     |      Sub 97..98
|     |     |     |     |     |     |      Sub 97..98 "-"
|     |     |     |     |     |      WhiteSpace 98..99
|     |     |     |     |     |     |      WhiteSpace 98..99 " "
|     |     |     |     |     |      ExpressionAtom 99..100
|     |     |     |     |     |     |      Identifier 99..100
|     |     |     |     |     |     |     |      Identifier 99..100 "b"
|     |     |     |     |     |      WhiteSpace 100..101
|     |     |     |     |     |     |      WhiteSpace 100..101 " "
|     |     |     |     |      Sub 101..102
|     |     |     |     |     |      Sub 101..102 "-"
|     |     |     |     |      WhiteSpace 102..103
|     |     |     |     |     |      WhiteSpace 102..103 " "
|     |     |     |     |      ExpressionAtom 103..104
|     |     |     |     |     |      Identifier 103..104
|     |     |     |     |     |     |      Identifier 103..104 "c"
|     |      Semicolon 104..105
|     |     |      Semicolon 104..105 ";"
|     |      EndLine 105..106
|     |     |      EndLine 105..106 "\n"
|     |      WhiteSpace 106..110
|     |     |      WhiteSpace 106..110 "    "
|     |      VarDecl 110..134
|     |     |      VarKw 110..113
|     |     |     |      VarKw 110..113 "var"
|     |     |      WhiteSpace 113..114
|     |     |     |      WhiteSpace 113..114 " "
|     |     |      ComplexIdentifier 114..123
|     |     |     |      Identifier 114..122
|     |     |     |     |      Identifier 114..122 "left_div"
|     |     |     |      WhiteSpace 122..123
|     |     |     |     |      WhiteSpace 122..123 " "
|     |     |      Assign 123..124
|     |     |     |      Assign 123..124 "="
|     |     |      WhiteSpace 124..125
|     |     |     |      WhiteSpace 124..125 " "
|     |     |      Expression 125..134
|     |     |     |      Div 125..134
|     |     |     |     |      Div 125..131
|     |     |     |     |     |      ExpressionAtom 125..126
|     |     |     |     |     |     |      Identifier 125..126
|     |     |     |     |     |     |     |      Identifier 125..126 "a"
|     |     |     |     |     |      WhiteSpace 126..127
|     |     |     |     |     |     |      WhiteSpace 126..127 " "
|     |     |     |     |     |      Div 127..128
|     |     |     |     |     |     |      Div 127..128 "/"
|     |     |     |     |     |      WhiteSpace 128..129
|     |     |     |     |     |     |      WhiteSpace 128..129 " "
|     |     |     |     |     |      ExpressionAtom 129..130
|     |     |     |     |     |     |      Identifier 129..130
|     |     |     |     |     |     |     |      Identifier 129..130 "b"
|     |     |     |     |     |      WhiteSpace 130..131
|     |     |     |     |     |     |      WhiteSpace 130..131 " "
|     |     |     |     |      Div 131..132
|     |     |     |     |     |      Div 131..132 "/"
|     |     |     |     |      WhiteSpace 132..133
|     |     |     |     |     |      WhiteSpace 132..133 " "
|     |     |     |     |      ExpressionAtom 133..134
|     |     |     |     |     |      Identifier 133..134
|     |     |     |     |     |     |      Identifier 133..134 "c"
|     |      Semicolon 134..135
|     |     |      Semicolon 134..135 ";"
|     |      EndLine 135..136
|     |     |      EndLine 135..136 "\n"
|     |      WhiteSpace 136..140
|     |     |      WhiteSpace 136..140 "    "
|     |      VarDecl 140..169
|     |     |      VarKw 140..143
|     |     |     |      VarKw 140..143 "var"
|     |     |      WhiteSpace 143..144
|     |     |     |      WhiteSpace 143..144 " "
|     |     |      ComplexIdentifier 144..158
|     |     |     |      Identifier 144..157
|     |     |     |     |      Identifier 144..157 "mixed_add_sub"
|     |     |     |      WhiteSpace 157..158
|     |     |     |     |      WhiteSpace 157..158 " "
|     |     |      Assign 158..159
|     |     |     |      Assign 158..159 "="
|     |     |      WhiteSpace 159..160
|     |     |     |      WhiteSpace 159..160 " "
|     |     |      Expression 160..169
|     |     |     |      Add 160..169
|     |     |     |     |      Sub 160..166
|     |     |     |     |     |      ExpressionAtom 160..161
|     |     |     |     |     |     |      Identifier 160..161
|     |     |     |     |     |     |     |      Identifier 160..161 "a"
|     |     |     |     |     |      WhiteSpace 161..162
|     |     |     |     |     |     |      WhiteSpace 161..162 " "
|     |     |     |     |     |      Sub 162..163
|     |     |     |     |     |     |      Sub 162..163 "-"
|     |     |     |     |     |      WhiteSpace 163..164
|     |     |     |     |     |     |      WhiteSpace 163..164 " "
|     |     |     |     |     |      ExpressionAtom 164..165
|     |     |     |     |     |     |      Identifier 164..165
|     |     |     |     |     |     |     |      Identifier 164..165 "b"
|     |     |     |     |     |      WhiteSpace 165..166
|     |     |     |     |     |     |      WhiteSpace 165..166 " "
|     |     |     |     |      Add 166..167
|     |     |     |     |     |      Add 166..167 "+"
|     |     |     |     |      WhiteSpace 167..168
|     |     |     |     |     |      WhiteSpace 167..168 " "
|     |     |     |     |      ExpressionAtom 168..169
|     |     |     |     |     |      Identifier 168..169
|     |     |     |     |     |     |      Identifier 168..169 "c"
|     |      Semicolon 169..170
|     |     |      Semicolon 169..170 ";"
|     |      EndLine 170..171
|     |     |      EndLine 170..171 "\n"
|     |      WhiteSpace 171..175
|     |     |      WhiteSpace 171..175 "    "
|     |      CommentLine 175..257
|     |     |      CommentLine 175..257 "// Precedence: bitwise binds tighter than comparisons (a & b == c == (a & b) == c)"
|     |      EndLine 257..258
|     |     |      EndLine 257..258 "\n"
|     |      WhiteSpace 258..262
|     |     |      WhiteSpace 258..262 "    "
|     |      VarDecl 262..293
|     |     |      VarKw 262..265
|     |     |     |      VarKw 262..265 "var"
|     |     |      WhiteSpace 265..266
|     |     |     |      WhiteSpace 265..266 " "
|     |     |      ComplexIdentifier 266..281
|     |     |     |      Identifier 266..280
|     |     |     |     |      Identifier 266..280 "bitwise_vs_cmp"
|     |     |     |      WhiteSpace 280..281
|     |     |     |     |      WhiteSpace 280..281 " "
|     |     |      Assign 281..282
|     |     |     |      Assign 281..282 "="
|     |     |      WhiteSpace 282..283
|     |     |     |      WhiteSpace 282..283 " "
|     |     |      Expression 283..293
|     |     |     |      Equal 283..293
|     |     |     |     |      BitAnd 283..289
|     |     |     |     |     |      ExpressionAtom 283..284
|     |     |     |     |     |     |      Identifier 283..284
|     |     |     |     |     |     |     |      Identifier 283..284 "a"
|     |     |     |     |     |      WhiteSpace 284..285
|     |     |     |     |     |     |      WhiteSpace 284..285 " "
|     |     |     |     |     |      BitAnd 285..286
|     |     |     |     |     |     |      BitAnd 285..286 "&"
|     |     |     |     |     |      WhiteSpace 286..287
|     |     |     |     |     |     |      WhiteSpace 286..287 " "
|     |     |     |     |     |      ExpressionAtom 287..288
|     |     |     |     |     |     |      Identifier 287..288
|     |     |     |     |     |     |     |      Identifier 287..288 "b"
|     |     |     |     |     |      WhiteSpace 288..289
|     |     |     |     |     |     |      WhiteSpace 288..289 " "
|     |     |     |     |      Equal 289..291
|     |     |     |     |     |      Equal 289..291 "=="
|     |     |     |     |      WhiteSpace 291..292
|     |     |     |     |     |      WhiteSpace 291..292 " "
|     |     |     |     |      ExpressionAtom 292..293
|     |     |     |     |     |      Identifier 292..293
|     |     |     |     |     |     |      Identifier 292..293 "c"
|     |      Semicolon 293..294
|     |     |      Semicolon 293..294 ";"
|     |      EndLine 294..295
|     |     |      EndLine 294..295 "\n"
|     |      WhiteSpace 295..299
|     |     |      WhiteSpace 295..299 "    "
|     |      VarDecl 299..330
|     |     |      VarKw 299..302
|     |     |     |      VarKw 299..302 "var"
|     |     |      WhiteSpace 302..303
|     |     |     |      WhiteSpace 302..303 " "
|     |     |      ComplexIdentifier 303..318
|     |     |     |      Identifier 303..317
|     |     |     |     |      Identifier 303..317 "cmp_vs_bitwise"
|     |     |     |      WhiteSpace 317..318
|     |     |     |     |      WhiteSpace 317..318 " "
|     |     |      Assign 318..319
|     |     |     |      Assign 318..319 "="
|     |     |      WhiteSpace 319..320
|     |     |     |      WhiteSpace 319..320 " "
|     |     |      Expression 320..330
|     |     |     |      Equal 320..330
|     |     |     |     |      ExpressionAtom 320..321
|     |     |     |     |     |      Identifier 320..321
|     |     |     |     |     |     |      Identifier 320..321 "a"
|     |     |     |     |      WhiteSpace 321..322
|     |     |     |     |     |      WhiteSpace 321..322 " "
|     |     |     |     |      Equal 322..324
|     |     |     |     |     |      Equal 322..324 "=="
|     |     |     |     |      WhiteSpace 324..325
|     |     |     |     |     |      WhiteSpace 324..325 " "
|     |     |     |     |      BitAnd 325..330
|     |     |     |     |     |      ExpressionAtom 325..326
|     |     |     |     |     |     |      Identifier 325..326
|     |     |     |     |     |     |     |      Identifier 325..326 "b"
|     |     |     |     |     |      WhiteSpace 326..327
|     |     |     |     |     |     |      WhiteSpace 326..327 " "
|     |     |     |     |     |      BitAnd 327..328
|     |     |     |     |     |     |      BitAnd 327..328 "&"
|     |     |     |     |     |      WhiteSpace 328..329
|     |     |     |     |     |     |      WhiteSpace 328..329 " "
|     |     |     |     |     |      ExpressionAtom 329..330
|     |     |     |     |     |     |      Identifier 329..330
|     |     |     |     |     |     |     |      Identifier 329..330 "c"
|     |      Semicolon 330..331
|     |     |      Semicolon 330..331 ";"
|     |      EndLine 331..332
|     |     |      EndLine 331..332 "\n"
|     |      WhiteSpace 332..336
|     |     |      WhiteSpace 332..336 "    "
|     |      CommentLine 336..361
|     |     |      CommentLine 336..361 "// * before + (a * b + c)"
|     |      EndLine 361..362
|     |     |      EndLine 361..362 "\n"
|     |      WhiteSpace 362..366
|     |     |      WhiteSpace 362..366 "    "
|     |      VarDecl 366..396
|     |     |      VarKw 366..369
|     |     |     |      VarKw 366..369 "var"
|     |     |      WhiteSpace 369..370
|     |     |     |      WhiteSpace 369..370 " "
|     |     |      ComplexIdentifier 370..385
|     |     |     |      Identifier 370..384
|     |     |     |     |      Identifier 370..384 "mul_before_add"
|     |     |     |      WhiteSpace 384..385
|     |     |     |     |      WhiteSpace 384..385 " "
|     |     |      Assign 385..386
|     |     |     |      Assign 385..386 "="
|     |     |      WhiteSpace 386..387
|     |     |     |      WhiteSpace 386..387 " "
|     |     |      Expression 387..396
|     |     |     |      Add 387..396
|     |     |     |     |      Mul 387..393
|     |     |     |     |     |      ExpressionAtom 387..388
|     |     |     |     |     |     |      Identifier 387..388
|     |     |     |     |     |     |     |      Identifier 387..388 "a"
|     |     |     |     |     |      WhiteSpace 388..389
|     |     |     |     |     |     |      WhiteSpace 388..389 " "
|     |     |     |     |     |      Mul 389..390
|     |     |     |     |     |     |      Mul 389..390 "*"
|     |     |     |     |     |      WhiteSpace 390..391
|     |     |     |     |     |     |      WhiteSpace 390..391 " "
|     |     |     |     |     |      ExpressionAtom 391..392
|     |     |     |     |     |     |      Identifier 391..392
|     |     |     |     |     |     |     |      Identifier 391..392 "b"
|     |     |     |     |     |      WhiteSpace 392..393
|     |     |     |     |     |     |      WhiteSpace 392..393 " "
|     |     |     |     |      Add 393..394
|     |     |     |     |     |      Add 393..394 "+"
|     |     |     |     |      WhiteSpace 394..395
|     |     |     |     |     |      WhiteSpace 394..395 " "
|     |     |     |     |      ExpressionAtom 395..396
|     |     |     |     |     |      Identifier 395..396
|     |     |     |     |     |     |      Identifier 395..396 "c"
|     |      Semicolon 396..397
|     |     |      Semicolon 396..397 ";"
|     |      EndLine 397..398
|     |     |      EndLine 397..398 "\n"
|     |      WhiteSpace 398..402
|     |     |      WhiteSpace 398..402 "    "
|     |      VarDecl 402..431
|     |     |      VarKw 402..405
|     |     |     |      VarKw 402..405 "var"
|     |     |      WhiteSpace 405..406
|     |     |     |      WhiteSpace 405..406 " "
|     |     |      ComplexIdentifier 406..420
|     |     |     |      Identifier 406..419
|     |     |     |     |      Identifier 406..419 "add_after_mul"
|     |     |     |      WhiteSpace 419..420
|     |     |     |     |      WhiteSpace 419..420 " "
|     |     |      Assign 420..421
|     |     |     |      Assign 420..421 "="
|     |     |      WhiteSpace 421..422
|     |     |     |      WhiteSpace 421..422 " "
|     |     |      Expression 422..431
|     |     |     |      Add 422..431
|     |     |     |     |      ExpressionAtom 422..423
|     |     |     |     |     |      Identifier 422..423
|     |     |     |     |     |     |      Identifier 422..423 "a"
|     |     |     |     |      WhiteSpace 423..424
|     |     |     |     |     |      WhiteSpace 423..424 " "
|     |     |     |     |      Add 424..425
|     |     |     |     |     |      Add 424..425 "+"
|     |     |     |     |      WhiteSpace 425..426
|     |     |     |     |     |      WhiteSpace 425..426 " "
|     |     |     |     |      Mul 426..431
|     |     |     |     |     |      ExpressionAtom 426..427
|     |     |     |     |     |     |      Identifier 426..427
|     |     |     |     |     |     |     |      Identifier 426..427 "b"
|     |     |     |     |     |      WhiteSpace 427..428
|     |     |     |     |     |     |      WhiteSpace 427..428 " "
|     |     |     |     |     |      Mul 428..429
|     |     |     |     |     |     |      Mul 428..429 "*"
|     |     |     |     |     |      WhiteSpace 429..430
|     |     |     |     |     |     |      WhiteSpace 429..430 " "
|     |     |     |     |     |      ExpressionAtom 430..431
|     |     |     |     |     |     |      Identifier 430..431
|     |     |     |     |     |     |     |      Identifier 430..431 "c"
|     |      Semicolon 431..432
|     |     |      Semicolon 431..432 ";"
|     |      EndLine 432..433
|     |     |      EndLine 432..433 "\n"
|     |      WhiteSpace 433..437
|     |     |      WhiteSpace 433..437 "    "
|     |      CommentLine 437..502
|     |     |      CommentLine 437..502 "// ** is left-associative in circom: a ** b ** c == (a ** b) ** c"
|     |      EndLine 502..503
|     |     |      EndLine 502..503 "\n"
|     |      WhiteSpace 503..507
|     |     |      WhiteSpace 503..507 "    "
|     |      VarDecl 507..535
|     |     |      VarKw 507..510
|     |     |     |      VarKw 507..510 "var"
|     |     |      WhiteSpace 510..511
|     |     |     |      WhiteSpace 510..511 " "
|     |     |      ComplexIdentifier 511..522
|     |     |     |      Identifier 511..521
|     |     |     |     |      Identifier 511..521 "power_left"
|     |     |     |      WhiteSpace 521..522
|     |     |     |     |      WhiteSpace 521..522 " "
|     |     |      Assign 522..523
|     |     |     |      Assign 522..523 "="
|     |     |      WhiteSpace 523..524
|     |     |     |      WhiteSpace 523..524 " "
|     |     |      Expression 524..535
|     |     |     |      Power 524..535
|     |     |     |     |      Power 524..531
|     |     |     |     |     |      ExpressionAtom 524..525
|     |     |     |     |     |     |      Identifier 524..525
|     |     |     |     |     |     |     |      Identifier 524..525 "a"
|     |     |     |     |     |      WhiteSpace 525..526
|     |     |     |     |     |     |      WhiteSpace 525..526 " "
|     |     |     |     |     |      Power 526..528
|     |     |     |     |     |     |      Power 526..528 "**"
|     |     |     |     |     |      WhiteSpace 528..529
|     |     |     |     |     |     |      WhiteSpace 528..529 " "
|     |     |     |     |     |      ExpressionAtom 529..530
|     |     |     |     |     |     |      Identifier 529..530
|     |     |     |     |     |     |     |      Identifier 529..530 "b"
|     |     |     |     |     |      WhiteSpace 530..531
|     |     |     |     |     |     |      WhiteSpace 530..531 " "
|     |     |     |     |      Power 531..533
|     |     |     |     |     |      Power 531..533 "**"
|     |     |     |     |      WhiteSpace 533..534
|     |     |     |     |     |      WhiteSpace 533..534 " "
|     |     |     |     |      ExpressionAtom 534..535
|     |     |     |     |     |      Identifier 534..535
|     |     |     |     |     |     |      Identifier 534..535 "c"
|     |      Semicolon 535..536
|     |     |      Semicolon 535..536 ";"
|     |      EndLine 536..537
|     |     |      EndLine 536..537 "\n"
|     |      WhiteSpace 537..541
|     |     |      WhiteSpace 537..541 "    "
|     |      CommentLine 541..629
|     |     |      CommentLine 541..629 "// prefix - is TIGHTER than ** (grammar Expression2 < Expression3): -a ** b == (-a) ** b"
|     |      EndLine 629..630
|     |     |      EndLine 629..630 "\n"
|     |      WhiteSpace 630..634
|     |     |      WhiteSpace 630..634 "    "
|     |      VarDecl 634..663
|     |     |      VarKw 634..637
|     |     |     |      VarKw 634..637 "var"
|     |     |      WhiteSpace 637..638
|     |     |     |      WhiteSpace 637..638 " "
|     |     |      ComplexIdentifier 638..654
|     |     |     |      Identifier 638..653
|     |     |     |     |      Identifier 638..653 "prefix_vs_power"
|     |     |     |      WhiteSpace 653..654
|     |     |     |     |      WhiteSpace 653..654 " "
|     |     |      Assign 654..655
|     |     |     |      Assign 654..655 "="
|     |     |      WhiteSpace 655..656
|     |     |     |      WhiteSpace 655..656 " "
|     |     |      Expression 656..663
|     |     |     |      Power 656..663
|     |     |     |     |      Sub 656..659
|     |     |     |     |     |      Sub 656..657
|     |     |     |     |     |     |      Sub 656..657 "-"
|     |     |     |     |     |      ExpressionAtom 657..658
|     |     |     |     |     |     |      Identifier 657..658
|     |     |     |     |     |     |     |      Identifier 657..658 "a"
|     |     |     |     |     |      WhiteSpace 658..659
|     |     |     |     |     |     |      WhiteSpace 658..659 " "
|     |     |     |     |      Power 659..661
|     |     |     |     |     |      Power 659..661 "**"
|     |     |     |     |      WhiteSpace 661..662
|     |     |     |     |     |      WhiteSpace 661..662 " "
|     |     |     |     |      ExpressionAtom 662..663
|     |     |     |     |     |      Identifier 662..663
|     |     |     |     |     |     |      Identifier 662..663 "b"
|     |      Semicolon 663..664
|     |     |      Semicolon 663..664 ";"
|     |      EndLine 664..665
|     |     |      EndLine 664..665 "\n"
|     |      WhiteSpace 665..669
|     |     |      WhiteSpace 665..669 "    "
|     |      CommentLine 669..720
|     |     |      CommentLine 669..720 "// || looser than && : a || b && c == a || (b && c)"
|     |      EndLine 720..721
|     |     |      EndLine 720..721 "\n"
|     |      WhiteSpace 721..725
|     |     |      WhiteSpace 721..725 "    "
|     |      VarDecl 725..758
|     |     |      VarKw 725..728
|     |     |     |      VarKw 725..728 "var"
|     |     |      WhiteSpace 728..729
|     |     |     |      WhiteSpace 728..729 " "
|     |     |      ComplexIdentifier 729..745
|     |     |     |      Identifier 729..744
|     |     |     |     |      Identifier 729..744 "bool_precedence"
|     |     |     |      WhiteSpace 744..745
|     |     |     |     |      WhiteSpace 744..745 " "
|     |     |      Assign 745..746
|     |     |     |      Assign 745..746 "="
|     |     |      WhiteSpace 746..747
|     |     |     |      WhiteSpace 746..747 " "
|     |     |      Expression 747..758
|     |     |     |      BoolOr 747..758
|     |     |     |     |      ExpressionAtom 747..748
|     |     |     |     |     |      Identifier 747..748
|     |     |     |     |     |     |      Identifier 747..748 "a"
|     |     |     |     |      WhiteSpace 748..749
|     |     |     |     |     |      WhiteSpace 748..749 " "
|     |     |     |     |      BoolOr 749..751
|     |     |     |     |     |      BoolOr 749..751 "||"
|     |     |     |     |      WhiteSpace 751..752
|     |     |     |     |     |      WhiteSpace 751..752 " "
|     |     |     |     |      BoolAnd 752..758
|     |     |     |     |     |      ExpressionAtom 752..753
|     |     |     |     |     |     |      Identifier 752..753
|     |     |     |     |     |     |     |      Identifier 752..753 "b"
|     |     |     |     |     |      WhiteSpace 753..754
|     |     |     |     |     |     |      WhiteSpace 753..754 " "
|     |     |     |     |     |      BoolAnd 754..756
|     |     |     |     |     |     |      BoolAnd 754..756 "&&"
|     |     |     |     |     |      WhiteSpace 756..757
|     |     |     |     |     |     |      WhiteSpace 756..757 " "
|     |     |     |     |     |      ExpressionAtom 757..758
|     |     |     |     |     |     |      Identifier 757..758
|     |     |     |     |     |     |     |      Identifier 757..758 "c"
|     |      Semicolon 758..759
|     |     |      Semicolon 758..759 ";"
|     |      EndLine 759..760
|     |     |      EndLine 759..760 "\n"
|     |      WhiteSpace 760..764
|     |     |      WhiteSpace 760..764 "    "
|     |      CommentLine 764..797
|     |     |      CommentLine 764..797 "// ternary (branches at || level)"
|     |      EndLine 797..798
|     |     |      EndLine 797..798 "\n"
|     |      WhiteSpace 798..802
|     |     |      WhiteSpace 798..802 "    "
|     |      VarDecl 802..825
|     |     |      VarKw 802..805
|     |     |     |      VarKw 802..805 "var"
|     |     |      WhiteSpace 805..806
|     |     |     |      WhiteSpace 805..806 " "
|     |     |      ComplexIdentifier 806..814
|     |     |     |      Identifier 806..813
|     |     |     |     |      Identifier 806..813 "ternary"
|     |     |     |      WhiteSpace 813..814
|     |     |     |     |      WhiteSpace 813..814 " "
|     |     |      Assign 814..815
|     |     |     |      Assign 814..815 "="
|     |     |      WhiteSpace 815..816
|     |     |     |      WhiteSpace 815..816 " "
|     |     |      Expression 816..825
|     |     |     |      TernaryConditional 816..825
|     |     |     |     |      ExpressionAtom 816..817
|     |     |     |     |     |      Identifier 816..817
|     |     |     |     |     |     |      Identifier 816..817 "a"
|     |     |     |     |      WhiteSpace 817..818
|     |     |     |     |     |      WhiteSpace 817..818 " "
|     |     |     |     |      MarkQuestion 818..819
|     |     |     |     |     |      MarkQuestion 818..819 "?"
|     |     |     |     |      WhiteSpace 819..820
|     |     |     |     |     |      WhiteSpace 819..820 " "
|     |     |     |     |      Expression 820..822
|     |     |     |     |     |      ExpressionAtom 820..821
|     |     |     |     |     |     |      Identifier 820..821
|     |     |     |     |     |     |     |      Identifier 820..821 "b"
|     |     |     |     |     |      WhiteSpace 821..822
|     |     |     |     |     |     |      WhiteSpace 821..822 " "
|     |     |     |     |      Colon 822..823
|     |     |     |     |     |      Colon 822..823 ":"
|     |     |     |     |      WhiteSpace 823..824
|     |     |     |     |     |      WhiteSpace 823..824 " "
|     |     |     |     |      Expression 824..825
|     |     |     |     |     |      ExpressionAtom 824..825
|     |     |     |     |     |     |      Identifier 824..825
|     |     |     |     |     |     |     |      Identifier 824..825 "c"
|     |      Semicolon 825..826
|     |     |      Semicolon 825..826 ";"
|     |      EndLine 826..827
|     |     |      EndLine 826..827 "\n"
|      RCurly 827..828
|     |      RCurly 827..828 "}"
