---
source: crates/syntax/src/syntax.rs
expression: view_ast(& syntax)
---
 CircomProgram 0..2512
|      BlockComment 0..764
|     |      BlockComment 0..764 "/*\r\n    Copyright 2018 0KIMS association.\r\n\r\n    This file is part of circom (Zero Knowledge Circuit Compiler).\r\n\r\n    circom is a free software: you can redistribute it and/or modify it\r\n    under the terms of the GNU General Public License as published by\r\n    the Free Software Foundation, either version 3 of the License, or\r\n    (at your option) any later version.\r\n\r\n    circom is distributed in the hope that it will be useful, but WITHOUT\r\n    ANY WARRANTY; without even the implied warranty of MERCHANTABILITY\r\n    or FITNESS FOR A PARTICULAR PURPOSE. See the GNU General Public\r\n    License for more details.\r\n\r\n    You should have received a copy of the GNU General Public License\r\n    along with circom. If not, see <https://www.gnu.org/licenses/>.\r\n*/"
|      EndLine 764..766
|     |      EndLine 764..766 "\r\n"
|      BlockComment 766..1478
|     |      BlockComment 766..1478 "/*\r\n\r\nBinary Sum\r\n==========\r\n\r\nThis component creates a binary sum componet of ops operands and n bits each operand.\r\n\r\ne is Number of carries: Depends on the number of operands in the input.\r\n\r\nMain Constraint:\r\n   in[0][0]     * 2^0  +  in[0][1]     * 2^1  + ..... + in[0][n-1]    * 2^(n-1)  +\r\n + in[1][0]     * 2^0  +  in[1][1]     * 2^1  + ..... + in[1][n-1]    * 2^(n-1)  +\r\n + ..\r\n + in[ops-1][0] * 2^0  +  in[ops-1][1] * 2^1  + ..... + in[ops-1][n-1] * 2^(n-1)  +\r\n ===\r\n   out[0] * 2^0  + out[1] * 2^1 +   + out[n+e-1] *2(n+e-1)\r\n\r\nTo waranty binary outputs:\r\n\r\n    out[0]     * (out[0] - 1) === 0\r\n    out[1]     * (out[0] - 1) === 0\r\n    .\r\n    .\r\n    .\r\n    out[n+e-1] * (out[n+e-1] - 1) == 0\r\n\r\n */"
|      EndLine 1478..1484
|     |      EndLine 1478..1484 "\r\n\r\n\r\n"
|      BlockComment 1484..1580
|     |      BlockComment 1484..1580 "/*\r\n    This function calculates the number of extra bits in the output to do the full sum.\r\n */"
|      EndLine 1580..1582
|     |      EndLine 1580..1582 "\r\n"
|      WhiteSpace 1582..1583
|     |      WhiteSpace 1582..1583 " "
|      Pragma 1583..1603
|     |      PragmaKw 1583..1589
|     |     |      PragmaKw 1583..1589 "pragma"
|     |      WhiteSpace 1589..1590
|     |     |      WhiteSpace 1589..1590 " "
|     |      CircomKw 1590..1596
|     |     |      CircomKw 1590..1596 "circom"
|     |      WhiteSpace 1596..1597
|     |     |      WhiteSpace 1596..1597 " "
|     |      Version 1597..1602
|     |     |      Version 1597..1602 "2.0.0"
|     |      Semicolon 1602..1603
|     |     |      Semicolon 1602..1603 ";"
|      EndLine 1603..1607
|     |      EndLine 1603..1607 "\r\n\r\n"
|      FunctionDef 1607..1735
|     |      FunctionKw 1607..1615
|     |     |      FunctionKw 1607..1615 "function"
|     |      WhiteSpace 1615..1616
|     |     |      WhiteSpace 1615..1616 " "
|     |      FunctionName 1616..1621
|     |     |      Identifier 1616..1621
|     |     |     |      Identifier 1616..1621 "nbits"
|     |      ParameterList 1621..1624
|     |     |      LParen 1621..1622
|     |     |     |      LParen 1621..1622 "("
|     |     |      Identifier 1622..1623
|     |     |     |      Identifier 1622..1623 "a"
|     |     |      RParen 1623..1624
|     |     |     |      RParen 1623..1624 ")"
|     |      WhiteSpace 1624..1625
|     |     |      WhiteSpace 1624..1625 " "
|     |      FunctionBody 1625..1735
|     |     |      Block 1625..1735
|     |     |     |      LCurly 1625..1626
|     |     |     |     |      LCurly 1625..1626 "{"
|     |     |     |      EndLine 1626..1628
|     |     |     |     |      EndLine 1626..1628 "\r\n"
|     |     |     |      WhiteSpace 1628..1632
|     |     |     |     |      WhiteSpace 1628..1632 "    "
|     |     |     |      StatementList 1632..1734
|     |     |     |     |      VarDecl 1632..1641
|     |     |     |     |     |      VarKw 1632..1635
|     |     |     |     |     |     |      VarKw 1632..1635 "var"
|     |     |     |     |     |      WhiteSpace 1635..1636
|     |     |     |     |     |     |      WhiteSpace 1635..1636 " "
|     |     |     |     |     |      ComplexIdentifier 1636..1638
|     |     |     |     |     |     |      Identifier 1636..1637
|     |     |     |     |     |     |     |      Identifier 1636..1637 "n"
|     |     |     |     |     |     |      WhiteSpace 1637..1638
|     |     |     |     |     |     |     |      WhiteSpace 1637..1638 " "
|     |     |     |     |     |      Assign 1638..1639
|     |     |     |     |     |     |      Assign 1638..1639 "="
|     |     |     |     |     |      WhiteSpace 1639..1640
|     |     |     |     |     |     |      WhiteSpace 1639..1640 " "
|     |     |     |     |     |      Expression 1640..1641
|     |     |     |     |     |     |      ExpressionAtom 1640..1641
|     |     |     |     |     |     |     |      Number 1640..1641
|     |     |     |     |     |     |     |     |      Number 1640..1641 "1"
|     |     |     |     |      Semicolon 1641..1642
|     |     |     |     |     |      Semicolon 1641..1642 ";"
|     |     |     |     |      EndLine 1642..1644
|     |     |     |     |     |      EndLine 1642..1644 "\r\n"
|     |     |     |     |      WhiteSpace 1644..1648
|     |     |     |     |     |      WhiteSpace 1644..1648 "    "
|     |     |     |     |      VarDecl 1648..1657
|     |     |     |     |     |      VarKw 1648..1651
|     |     |     |     |     |     |      VarKw 1648..1651 "var"
|     |     |     |     |     |      WhiteSpace 1651..1652
|     |     |     |     |     |     |      WhiteSpace 1651..1652 " "
|     |     |     |     |     |      ComplexIdentifier 1652..1654
|     |     |     |     |     |     |      Identifier 1652..1653
|     |     |     |     |     |     |     |      Identifier 1652..1653 "r"
|     |     |     |     |     |     |      WhiteSpace 1653..1654
|     |     |     |     |     |     |     |      WhiteSpace 1653..1654 " "
|     |     |     |     |     |      Assign 1654..1655
|     |     |     |     |     |     |      Assign 1654..1655 "="
|     |     |     |     |     |      WhiteSpace 1655..1656
|     |     |     |     |     |     |      WhiteSpace 1655..1656 " "
|     |     |     |     |     |      Expression 1656..1657
|     |     |     |     |     |     |      ExpressionAtom 1656..1657
|     |     |     |     |     |     |     |      Number 1656..1657
|     |     |     |     |     |     |     |     |      Number 1656..1657 "0"
|     |     |     |     |      Semicolon 1657..1658
|     |     |     |     |     |      Semicolon 1657..1658 ";"
|     |     |     |     |      EndLine 1658..1660
|     |     |     |     |     |      EndLine 1658..1660 "\r\n"
|     |     |     |     |      WhiteSpace 1660..1664
|     |     |     |     |     |      WhiteSpace 1660..1664 "    "
|     |     |     |     |      WhileLoop 1664..1717
|     |     |     |     |     |      WhileKw 1664..1669
|     |     |     |     |     |     |      WhileKw 1664..1669 "while"
|     |     |     |     |     |      WhiteSpace 1669..1670
|     |     |     |     |     |     |      WhiteSpace 1669..1670 " "
|     |     |     |     |     |      LParen 1670..1671
|     |     |     |     |     |     |      LParen 1670..1671 "("
|     |     |     |     |     |      Expression 1671..1676
|     |     |     |     |     |     |      LessThan 1671..1676
|     |     |     |     |     |     |     |      Sub 1671..1674
|     |     |     |     |     |     |     |     |      ExpressionAtom 1671..1672
|     |     |     |     |     |     |     |     |     |      Identifier 1671..1672
|     |     |     |     |     |     |     |     |     |     |      Identifier 1671..1672 "n"
|     |     |     |     |     |     |     |     |      Sub 1672..1673
|     |     |     |     |     |     |     |     |     |      Sub 1672..1673 "-"
|     |     |     |     |     |     |     |     |      ExpressionAtom 1673..1674
|     |     |     |     |     |     |     |     |     |      Number 1673..1674
|     |     |     |     |     |     |     |     |     |     |      Number 1673..1674 "1"
|     |     |     |     |     |     |     |      LessThan 1674..1675
|     |     |     |     |     |     |     |     |      LessThan 1674..1675 "<"
|     |     |     |     |     |     |     |      ExpressionAtom 1675..1676
|     |     |     |     |     |     |     |     |      Identifier 1675..1676
|     |     |     |     |     |     |     |     |     |      Identifier 1675..1676 "a"
|     |     |     |     |     |      RParen 1676..1677
|     |     |     |     |     |     |      RParen 1676..1677 ")"
|     |     |     |     |     |      WhiteSpace 1677..1678
|     |     |     |     |     |     |      WhiteSpace 1677..1678 " "
|     |     |     |     |     |      Block 1678..1717
|     |     |     |     |     |     |      LCurly 1678..1679
|     |     |     |     |     |     |     |      LCurly 1678..1679 "{"
|     |     |     |     |     |     |      EndLine 1679..1681
|     |     |     |     |     |     |     |      EndLine 1679..1681 "\r\n"
|     |     |     |     |     |     |      WhiteSpace 1681..1689
|     |     |     |     |     |     |     |      WhiteSpace 1681..1689 "        "
|     |     |     |     |     |     |      StatementList 1689..1716
|     |     |     |     |     |     |     |      AssignStatement 1689..1692
|     |     |     |     |     |     |     |     |      Expression 1689..1692
|     |     |     |     |     |     |     |     |     |      UnitInc 1689..1692
|     |     |     |     |     |     |     |     |     |     |      ExpressionAtom 1689..1690
|     |     |     |     |     |     |     |     |     |     |     |      Identifier 1689..1690
|     |     |     |     |     |     |     |     |     |     |     |     |      Identifier 1689..1690 "r"
|     |     |     |     |     |     |     |     |     |     |      UnitInc 1690..1692
|     |     |     |     |     |     |     |     |     |     |     |      UnitInc 1690..1692 "++"
|     |     |     |     |     |     |     |      Semicolon 1692..1693
|     |     |     |     |     |     |     |     |      Semicolon 1692..1693 ";"
|     |     |     |     |     |     |     |      EndLine 1693..1695
|     |     |     |     |     |     |     |     |      EndLine 1693..1695 "\r\n"
|     |     |     |     |     |     |     |      WhiteSpace 1695..1703
|     |     |     |     |     |     |     |     |      WhiteSpace 1695..1703 "        "
|     |     |     |     |     |     |     |      AssignStatement 1703..1709
|     |     |     |     |     |     |     |     |      Expression 1703..1705
|     |     |     |     |     |     |     |     |     |      ExpressionAtom 1703..1704
|     |     |     |     |     |     |     |     |     |     |      Identifier 1703..1704
|     |     |     |     |     |     |     |     |     |     |     |      Identifier 1703..1704 "n"
|     |     |     |     |     |     |     |     |     |      WhiteSpace 1704..1705
|     |     |     |     |     |     |     |     |     |     |      WhiteSpace 1704..1705 " "
|     |     |     |     |     |     |     |     |      MulAssign 1705..1707
|     |     |     |     |     |     |     |     |     |      MulAssign 1705..1707 "*="
|     |     |     |     |     |     |     |     |      WhiteSpace 1707..1708
|     |     |     |     |     |     |     |     |     |      WhiteSpace 1707..1708 " "
|     |     |     |     |     |     |     |     |      Expression 1708..1709
|     |     |     |     |     |     |     |     |     |      ExpressionAtom 1708..1709
|     |     |     |     |     |     |     |     |     |     |      Number 1708..1709
|     |     |     |     |     |     |     |     |     |     |     |      Number 1708..1709 "2"
|     |     |     |     |     |     |     |      Semicolon 1709..1710
|     |     |     |     |     |     |     |     |      Semicolon 1709..1710 ";"
|     |     |     |     |     |     |     |      EndLine 1710..1712
|     |     |     |     |     |     |     |     |      EndLine 1710..1712 "\r\n"
|     |     |     |     |     |     |     |      WhiteSpace 1712..1716
|     |     |     |     |     |     |     |     |      WhiteSpace 1712..1716 "    "
|     |     |     |     |     |     |      RCurly 1716..1717
|     |     |     |     |     |     |     |      RCurly 1716..1717 "}"
|     |     |     |     |      EndLine 1717..1719
|     |     |     |     |     |      EndLine 1717..1719 "\r\n"
|     |     |     |     |      WhiteSpace 1719..1723
|     |     |     |     |     |      WhiteSpace 1719..1723 "    "
|     |     |     |     |      ReturnStatement 1723..1731
|     |     |     |     |     |      ReturnKw 1723..1729
|     |     |     |     |     |     |      ReturnKw 1723..1729 "return"
|     |     |     |     |     |      WhiteSpace 1729..1730
|     |     |     |     |     |     |      WhiteSpace 1729..1730 " "
|     |     |     |     |     |      Expression 1730..1731
|     |     |     |     |     |     |      ExpressionAtom 1730..1731
|     |     |     |     |     |     |     |      Identifier 1730..1731
|     |     |     |     |     |     |     |     |      Identifier 1730..1731 "r"
|     |     |     |     |      Semicolon 1731..1732
|     |     |     |     |     |      Semicolon 1731..1732 ";"
|     |     |     |     |      EndLine 1732..1734
|     |     |     |     |     |      EndLine 1732..1734 "\r\n"
|     |     |     |      RCurly 1734..1735
|     |     |     |     |      RCurly 1734..1735 "}"
|      EndLine 1735..1741
|     |      EndLine 1735..1741 "\r\n\r\n\r\n"
|      TemplateDef 1741..2454
|     |      TemplateKw 1741..1749
|     |     |      TemplateKw 1741..1749 "template"
|     |      WhiteSpace 1749..1750
|     |     |      WhiteSpace 1749..1750 " "
|     |      TemplateName 1750..1756
|     |     |      Identifier 1750..1756
|     |     |     |      Identifier 1750..1756 "BinSum"
|     |      ParameterList 1756..1764
|     |     |      LParen 1756..1757
|     |     |     |      LParen 1756..1757 "("
|     |     |      Identifier 1757..1758
|     |     |     |      Identifier 1757..1758 "n"
|     |     |      Comma 1758..1759
|     |     |     |      Comma 1758..1759 ","
|     |     |      WhiteSpace 1759..1760
|     |     |     |      WhiteSpace 1759..1760 " "
|     |     |      Identifier 1760..1763
|     |     |     |      Identifier 1760..1763 "ops"
|     |     |      RParen 1763..1764
|     |     |     |      RParen 1763..1764 ")"
|     |      WhiteSpace 1764..1765
|     |     |      WhiteSpace 1764..1765 " "
|     |      TemplateBody 1765..2454
|     |     |      Block 1765..2454
|     |     |     |      LCurly 1765..1766
|     |     |     |     |      LCurly 1765..1766 "{"
|     |     |     |      EndLine 1766..1768
|     |     |     |     |      EndLine 1766..1768 "\r\n"
|     |     |     |      WhiteSpace 1768..1772
|     |     |     |     |      WhiteSpace 1768..1772 "    "
|     |     |     |      StatementList 1772..2453
|     |     |     |     |      VarDecl 1772..1803
|     |     |     |     |     |      VarKw 1772..1775
|     |     |     |     |     |     |      VarKw 1772..1775 "var"
|     |     |     |     |     |      WhiteSpace 1775..1776
|     |     |     |     |     |     |      WhiteSpace 1775..1776 " "
|     |     |     |     |     |      ComplexIdentifier 1776..1781
|     |     |     |     |     |     |      Identifier 1776..1780
|     |     |     |     |     |     |     |      Identifier 1776..1780 "nout"
|     |     |     |     |     |     |      WhiteSpace 1780..1781
|     |     |     |     |     |     |     |      WhiteSpace 1780..1781 " "
|     |     |     |     |     |      Assign 1781..1782
|     |     |     |     |     |     |      Assign 1781..1782 "="
|     |     |     |     |     |      WhiteSpace 1782..1783
|     |     |     |     |     |     |      WhiteSpace 1782..1783 " "
|     |     |     |     |     |      Expression 1783..1803
|     |     |     |     |     |     |      Call 1783..1803
|     |     |     |     |     |     |     |      ExpressionAtom 1783..1788
|     |     |     |     |     |     |     |     |      Identifier 1783..1788
|     |     |     |     |     |     |     |     |     |      Identifier 1783..1788 "nbits"
|     |     |     |     |     |     |     |      LParen 1788..1789
|     |     |     |     |     |     |     |     |      LParen 1788..1789 "("
|     |     |     |     |     |     |     |      Expression 1789..1802
|     |     |     |     |     |     |     |     |      Mul 1789..1802
|     |     |     |     |     |     |     |     |     |      Expression 1789..1798
|     |     |     |     |     |     |     |     |     |     |      LParen 1789..1790
|     |     |     |     |     |     |     |     |     |     |     |      LParen 1789..1790 "("
|     |     |     |     |     |     |     |     |     |     |      Sub 1790..1797
|     |     |     |     |     |     |     |     |     |     |     |      Power 1790..1795
|     |     |     |     |     |     |     |     |     |     |     |     |      ExpressionAtom 1790..1791
|     |     |     |     |     |     |     |     |     |     |     |     |     |      Number 1790..1791
|     |     |     |     |     |     |     |     |     |     |     |     |     |     |      Number 1790..1791 "2"
|     |     |     |     |     |     |     |     |     |     |     |     |      Power 1791..1793
|     |     |     |     |     |     |     |     |     |     |     |     |     |      Power 1791..1793 "**"
|     |     |     |     |     |     |     |     |     |     |     |     |      ExpressionAtom 1793..1794
|     |     |     |     |     |     |     |     |     |     |     |     |     |      Identifier 1793..1794
|     |     |     |     |     |     |     |     |     |     |     |     |     |     |      Identifier 1793..1794 "n"
|     |     |     |     |     |     |     |     |     |     |     |     |      WhiteSpace 1794..1795
|     |     |     |     |     |     |     |     |     |     |     |     |     |      WhiteSpace 1794..1795 " "
|     |     |     |     |     |     |     |     |     |     |     |      Sub 1795..1796
|     |     |     |     |     |     |     |     |     |     |     |     |      Sub 1795..1796 "-"
|     |     |     |     |     |     |     |     |     |     |     |      ExpressionAtom 1796..1797
|     |     |     |     |     |     |     |     |     |     |     |     |      Number 1796..1797
|     |     |     |     |     |     |     |     |     |     |     |     |     |      Number 1796..1797 "1"
|     |     |     |     |     |     |     |     |     |     |      RParen 1797..1798
|     |     |     |     |     |     |     |     |     |     |     |      RParen 1797..1798 ")"
|     |     |     |     |     |     |     |     |     |      Mul 1798..1799
|     |     |     |     |     |     |     |     |     |     |      Mul 1798..1799 "*"
|     |     |     |     |     |     |     |     |     |      ExpressionAtom 1799..1802
|     |     |     |     |     |     |     |     |     |     |      Identifier 1799..1802
|     |     |     |     |     |     |     |     |     |     |     |      Identifier 1799..1802 "ops"
|     |     |     |     |     |     |     |      RParen 1802..1803
|     |     |     |     |     |     |     |     |      RParen 1802..1803 ")"
|     |     |     |     |      Semicolon 1803..1804
|     |     |     |     |     |      Semicolon 1803..1804 ";"
|     |     |     |     |      EndLine 1804..1806
|     |     |     |     |     |      EndLine 1804..1806 "\r\n"
|     |     |     |     |      WhiteSpace 1806..1810
|     |     |     |     |     |      WhiteSpace 1806..1810 "    "
|     |     |     |     |      InputSignalDecl 1810..1832
|     |     |     |     |     |      SignalHeader 1810..1823
|     |     |     |     |     |     |      SignalKw 1810..1816
|     |     |     |     |     |     |     |      SignalKw 1810..1816 "signal"
|     |     |     |     |     |     |      WhiteSpace 1816..1817
|     |     |     |     |     |     |     |      WhiteSpace 1816..1817 " "
|     |     |     |     |     |     |      InputKw 1817..1822
|     |     |     |     |     |     |     |      InputKw 1817..1822 "input"
|     |     |     |     |     |     |      WhiteSpace 1822..1823
|     |     |     |     |     |     |     |      WhiteSpace 1822..1823 " "
|     |     |     |     |     |      ComplexIdentifier 1823..1832
|     |     |     |     |     |     |      Identifier 1823..1832
|     |     |     |     |     |     |     |      Identifier 1823..1832 "public_in"
|     |     |     |     |      Semicolon 1832..1833
|     |     |     |     |     |      Semicolon 1832..1833 ";"
|     |     |     |     |      EndLine 1833..1835
|     |     |     |     |     |      EndLine 1833..1835 "\r\n"
|     |     |     |     |      WhiteSpace 1835..1839
|     |     |     |     |     |      WhiteSpace 1835..1839 "    "
|     |     |     |     |      InputSignalDecl 1839..1862
|     |     |     |     |     |      SignalHeader 1839..1852
|     |     |     |     |     |     |      SignalKw 1839..1845
|     |     |     |     |     |     |     |      SignalKw 1839..1845 "signal"
|     |     |     |     |     |     |      WhiteSpace 1845..1846
|     |     |     |     |     |     |     |      WhiteSpace 1845..1846 " "
|     |     |     |     |     |     |      InputKw 1846..1851
|     |     |     |     |     |     |     |      InputKw 1846..1851 "input"
|     |     |     |     |     |     |      WhiteSpace 1851..1852
|     |     |     |     |     |     |     |      WhiteSpace 1851..1852 " "
|     |     |     |     |     |      ComplexIdentifier 1852..1862
|     |     |     |     |     |     |      Identifier 1852..1854
|     |     |     |     |     |     |     |      Identifier 1852..1854 "in"
|     |     |     |     |     |     |      LBracket 1854..1855
|     |     |     |     |     |     |     |      LBracket 1854..1855 "["
|     |     |     |     |     |     |      Expression 1855..1858
|     |     |     |     |     |     |     |      ExpressionAtom 1855..1858
|     |     |     |     |     |     |     |     |      Identifier 1855..1858
|     |     |     |     |     |     |     |     |     |      Identifier 1855..1858 "ops"
|     |     |     |     |     |     |      RBracket 1858..1859
|     |     |     |     |     |     |     |      RBracket 1858..1859 "]"
|     |     |     |     |     |     |      LBracket 1859..1860
|     |     |     |     |     |     |     |      LBracket 1859..1860 "["
|     |     |     |     |     |     |      Expression 1860..1861
|     |     |     |     |     |     |     |      ExpressionAtom 1860..1861
|     |     |     |     |     |     |     |     |      Identifier 1860..1861
|     |     |     |     |     |     |     |     |     |      Identifier 1860..1861 "n"
|     |     |     |     |     |     |      RBracket 1861..1862
|     |     |     |     |     |     |     |      RBracket 1861..1862 "]"
|     |     |     |     |      Semicolon 1862..1863
|     |     |     |     |     |      Semicolon 1862..1863 ";"
|     |     |     |     |      EndLine 1863..1865
|     |     |     |     |     |      EndLine 1863..1865 "\r\n"
|     |     |     |     |      WhiteSpace 1865..1869
|     |     |     |     |     |      WhiteSpace 1865..1869 "    "
|     |     |     |     |      OutputSignalDecl 1869..1892
|     |     |     |     |     |      SignalHeader 1869..1883
|     |     |     |     |     |     |      SignalKw 1869..1875
|     |     |     |     |     |     |     |      SignalKw 1869..1875 "signal"
|     |     |     |     |     |     |      WhiteSpace 1875..1876
|     |     |     |     |     |     |     |      WhiteSpace 1875..1876 " "
|     |     |     |     |     |     |      OutputKw 1876..1882
|     |     |     |     |     |     |     |      OutputKw 1876..1882 "output"
|     |     |     |     |     |     |      WhiteSpace 1882..1883
|     |     |     |     |     |     |     |      WhiteSpace 1882..1883 " "
|     |     |     |     |     |      ComplexIdentifier 1883..1892
|     |     |     |     |     |     |      Identifier 1883..1886
|     |     |     |     |     |     |     |      Identifier 1883..1886 "out"
|     |     |     |     |     |     |      LBracket 1886..1887
|     |     |     |     |     |     |     |      LBracket 1886..1887 "["
|     |     |     |     |     |     |      Expression 1887..1891
|     |     |     |     |     |     |     |      ExpressionAtom 1887..1891
|     |     |     |     |     |     |     |     |      Identifier 1887..1891
|     |     |     |     |     |     |     |     |     |      Identifier 1887..1891 "nout"
|     |     |     |     |     |     |      RBracket 1891..1892
|     |     |     |     |     |     |     |      RBracket 1891..1892 "]"
|     |     |     |     |      Semicolon 1892..1893
|     |     |     |     |     |      Semicolon 1892..1893 ";"
|     |     |     |     |      EndLine 1893..1897
|     |     |     |     |     |      EndLine 1893..1897 "\r\n\r\n"
|     |     |     |     |      WhiteSpace 1897..1901
|     |     |     |     |     |      WhiteSpace 1897..1901 "    "
|     |     |     |     |      VarDecl 1901..1912
|     |     |     |     |     |      VarKw 1901..1904
|     |     |     |     |     |     |      VarKw 1901..1904 "var"
|     |     |     |     |     |      WhiteSpace 1904..1905
|     |     |     |     |     |     |      WhiteSpace 1904..1905 " "
|     |     |     |     |     |      ComplexIdentifier 1905..1909
|     |     |     |     |     |     |      Identifier 1905..1908
|     |     |     |     |     |     |     |      Identifier 1905..1908 "lin"
|     |     |     |     |     |     |      WhiteSpace 1908..1909
|     |     |     |     |     |     |     |      WhiteSpace 1908..1909 " "
|     |     |     |     |     |      Assign 1909..1910
|     |     |     |     |     |     |      Assign 1909..1910 "="
|     |     |     |     |     |      WhiteSpace 1910..1911
|     |     |     |     |     |     |      WhiteSpace 1910..1911 " "
|     |     |     |     |     |      Expression 1911..1912
|     |     |     |     |     |     |      ExpressionAtom 1911..1912
|     |     |     |     |     |     |     |      Number 1911..1912
|     |     |     |     |     |     |     |     |      Number 1911..1912 "0"
|     |     |     |     |      Semicolon 1912..1913
|     |     |     |     |     |      Semicolon 1912..1913 ";"
|     |     |     |     |      EndLine 1913..1915
|     |     |     |     |     |      EndLine 1913..1915 "\r\n"
|     |     |     |     |      WhiteSpace 1915..1919
|     |     |     |     |     |      WhiteSpace 1915..1919 "    "
|     |     |     |     |      VarDecl 1919..1931
|     |     |     |     |     |      VarKw 1919..1922
|     |     |     |     |     |     |      VarKw 1919..1922 "var"
|     |     |     |     |     |      WhiteSpace 1922..1923
|     |     |     |     |     |     |      WhiteSpace 1922..1923 " "
|     |     |     |     |     |      ComplexIdentifier 1923..1928
|     |     |     |     |     |     |      Identifier 1923..1927
|     |     |     |     |     |     |     |      Identifier 1923..1927 "lout"
|     |     |     |     |     |     |      WhiteSpace 1927..1928
|     |     |     |     |     |     |     |      WhiteSpace 1927..1928 " "
|     |     |     |     |     |      Assign 1928..1929
|     |     |     |     |     |     |      Assign 1928..1929 "="
|     |     |     |     |     |      WhiteSpace 1929..1930
|     |     |     |     |     |     |      WhiteSpace 1929..1930 " "
|     |     |     |     |     |      Expression 1930..1931
|     |     |     |     |     |     |      ExpressionAtom 1930..1931
|     |     |     |     |     |     |     |      Number 1930..1931
|     |     |     |     |     |     |     |     |      Number 1930..1931 "0"
|     |     |     |     |      Semicolon 1931..1932
|     |     |     |     |     |      Semicolon 1931..1932 ";"
|     |     |     |     |      EndLine 1932..1936
|     |     |     |     |     |      EndLine 1932..1936 "\r\n\r\n"
|     |     |     |     |      WhiteSpace 1936..1940
|     |     |     |     |     |      WhiteSpace 1936..1940 "    "
|     |     |     |     |      VarDecl 1940..1945
|     |     |     |     |     |      VarKw 1940..1943
|     |     |     |     |     |     |      VarKw 1940..1943 "var"
|     |     |     |     |     |      WhiteSpace 1943..1944
|     |     |     |     |     |     |      WhiteSpace 1943..1944 " "
|     |     |     |     |     |      ComplexIdentifier 1944..1945
|     |     |     |     |     |     |      Identifier 1944..1945
|     |     |     |     |     |     |     |      Identifier 1944..1945 "k"
|     |     |     |     |      Semicolon 1945..1946
|     |     |     |     |     |      Semicolon 1945..1946 ";"
|     |     |     |     |      EndLine 1946..1948
|     |     |     |     |     |      EndLine 1946..1948 "\r\n"
|     |     |     |     |      WhiteSpace 1948..1952
|     |     |     |     |     |      WhiteSpace 1948..1952 "    "
|     |     |     |     |      VarDecl 1952..1957
|     |     |     |     |     |      VarKw 1952..1955
|     |     |     |     |     |     |      VarKw 1952..1955 "var"
|     |     |     |     |     |      WhiteSpace 1955..1956
|     |     |     |     |     |     |      WhiteSpace 1955..1956 " "
|     |     |     |     |     |      ComplexIdentifier 1956..1957
|     |     |     |     |     |     |      Identifier 1956..1957
|     |     |     |     |     |     |     |      Identifier 1956..1957 "j"
|     |     |     |     |      Semicolon 1957..1958
|     |     |     |     |     |      Semicolon 1957..1958 ";"
|     |     |     |     |      EndLine 1958..1962
|     |     |     |     |     |      EndLine 1958..1962 "\r\n\r\n"
|     |     |     |     |      WhiteSpace 1962..1966
|     |     |     |     |     |      WhiteSpace 1962..1966 "    "
|     |     |     |     |      VarDecl 1966..1972
|     |     |     |     |     |      VarKw 1966..1969
|     |     |     |     |     |     |      VarKw 1966..1969 "var"
|     |     |     |     |     |      WhiteSpace 1969..1970
|     |     |     |     |     |     |      WhiteSpace 1969..1970 " "
|     |     |     |     |     |      ComplexIdentifier 1970..1972
|     |     |     |     |     |     |      Identifier 1970..1972
|     |     |     |     |     |     |     |      Identifier 1970..1972 "e2"
|     |     |     |     |      Semicolon 1972..1973
|     |     |     |     |     |      Semicolon 1972..1973 ";"
|     |     |     |     |      EndLine 1973..1977
|     |     |     |     |     |      EndLine 1973..1977 "\r\n\r\n"
|     |     |     |     |      WhiteSpace 1977..1981
|     |     |     |     |     |      WhiteSpace 1977..1981 "    "
|     |     |     |     |      AssignStatement 1981..1987
|     |     |     |     |     |      Expression 1981..1984
|     |     |     |     |     |     |      ExpressionAtom 1981..1983
|     |     |     |     |     |     |     |      Identifier 1981..1983
|     |     |     |     |     |     |     |     |      Identifier 1981..1983 "e2"
|     |     |     |     |     |     |      WhiteSpace 1983..1984
|     |     |     |     |     |     |     |      WhiteSpace 1983..1984 " "
|     |     |     |     |     |      Assign 1984..1985
|     |     |     |     |     |     |      Assign 1984..1985 "="
|     |     |     |     |     |      WhiteSpace 1985..1986
|     |     |     |     |     |     |      WhiteSpace 1985..1986 " "
|     |     |     |     |     |      Expression 1986..1987
|     |     |     |     |     |     |      ExpressionAtom 1986..1987
|     |     |     |     |     |     |     |      Number 1986..1987
|     |     |     |     |     |     |     |     |      Number 1986..1987 "1"
|     |     |     |     |      Semicolon 1987..1988
|     |     |     |     |     |      Semicolon 1987..1988 ";"
|     |     |     |     |      EndLine 1988..1990
|     |     |     |     |     |      EndLine 1988..1990 "\r\n"
|     |     |     |     |      WhiteSpace 1990..1994
|     |     |     |     |     |      WhiteSpace 1990..1994 "    "
|     |     |     |     |      ForLoop 1994..2451
|     |     |     |     |     |      ForKw 1994..1997
|     |     |     |     |     |     |      ForKw 1994..1997 "for"
|     |     |     |     |     |      WhiteSpace 1997..1998
|     |     |     |     |     |     |      WhiteSpace 1997..1998 " "
|     |     |     |     |     |      LParen 1998..1999
|     |     |     |     |     |     |      LParen 1998..1999 "("
|     |     |     |     |     |      AssignStatement 1999..2002
|     |     |     |     |     |     |      Expression 1999..2000
|     |     |     |     |     |     |     |      ExpressionAtom 1999..2000
|     |     |     |     |     |     |     |     |      Identifier 1999..2000
|     |     |     |     |     |     |     |     |     |      Identifier 1999..2000 "k"
|     |     |     |     |     |     |      Assign 2000..2001
|     |     |     |     |     |     |     |      Assign 2000..2001 "="
|     |     |     |     |     |     |      Expression 2001..2002
|     |     |     |     |     |     |     |      ExpressionAtom 2001..2002
|     |     |     |     |     |     |     |     |      Number 2001..2002
|     |     |     |     |     |     |     |     |     |      Number 2001..2002 "0"
|     |     |     |     |     |      Semicolon 2002..2003
|     |     |     |     |     |     |      Semicolon 2002..2003 ";"
|     |     |     |     |     |      WhiteSpace 2003..2004
|     |     |     |     |     |     |      WhiteSpace 2003..2004 " "
|     |     |     |     |     |      Expression 2004..2007
|     |     |     |     |     |     |      LessThan 2004..2007
|     |     |     |     |     |     |     |      ExpressionAtom 2004..2005
|     |     |     |     |     |     |     |     |      Identifier 2004..2005
|     |     |     |     |     |     |     |     |     |      Identifier 2004..2005 "k"
|     |     |     |     |     |     |     |      LessThan 2005..2006
|     |     |     |     |     |     |     |     |      LessThan 2005..2006 "<"
|     |     |     |     |     |     |     |      ExpressionAtom 2006..2007
|     |     |     |     |     |     |     |     |      Identifier 2006..2007
|     |     |     |     |     |     |     |     |     |      Identifier 2006..2007 "n"
|     |     |     |     |     |      Semicolon 2007..2008
|     |     |     |     |     |     |      Semicolon 2007..2008 ";"
|     |     |     |     |     |      WhiteSpace 2008..2009
|     |     |     |     |     |     |      WhiteSpace 2008..2009 " "
|     |     |     |     |     |      AssignStatement 2009..2012
|     |     |     |     |     |     |      Expression 2009..2012
|     |     |     |     |     |     |     |      UnitInc 2009..2012
|     |     |     |     |     |     |     |     |      ExpressionAtom 2009..2010
|     |     |     |     |     |     |     |     |     |      Identifier 2009..2010
|     |     |     |     |     |     |     |     |     |     |      Identifier 2009..2010 "k"
|     |     |     |     |     |     |     |     |      UnitInc 2010..2012
|     |     |     |     |     |     |     |     |     |      UnitInc 2010..2012 "++"
|     |     |     |     |     |      RParen 2012..2013
|     |     |     |     |     |     |      RParen 2012..2013 ")"
|     |     |     |     |     |      WhiteSpace 2013..2014
|     |     |     |     |     |     |      WhiteSpace 2013..2014 " "
|     |     |     |     |     |      Block 2014..2451
|     |     |     |     |     |     |      LCurly 2014..2015
|     |     |     |     |     |     |     |      LCurly 2014..2015 "{"
|     |     |     |     |     |     |      EndLine 2015..2017
|     |     |     |     |     |     |     |      EndLine 2015..2017 "\r\n"
|     |     |     |     |     |     |      WhiteSpace 2017..2025
|     |     |     |     |     |     |     |      WhiteSpace 2017..2025 "        "
|     |     |     |     |     |     |      StatementList 2025..2450
|     |     |     |     |     |     |     |      ForLoop 2025..2094
|     |     |     |     |     |     |     |     |      ForKw 2025..2028
|     |     |     |     |     |     |     |     |     |      ForKw 2025..2028 "for"
|     |     |     |     |     |     |     |     |      WhiteSpace 2028..2029
|     |     |     |     |     |     |     |     |     |      WhiteSpace 2028..2029 " "
|     |     |     |     |     |     |     |     |      LParen 2029..2030
|     |     |     |     |     |     |     |     |     |      LParen 2029..2030 "("
|     |     |     |     |     |     |     |     |      AssignStatement 2030..2033
|     |     |     |     |     |     |     |     |     |      Expression 2030..2031
|     |     |     |     |     |     |     |     |     |     |      ExpressionAtom 2030..2031
|     |     |     |     |     |     |     |     |     |     |     |      Identifier 2030..2031
|     |     |     |     |     |     |     |     |     |     |     |     |      Identifier 2030..2031 "j"
|     |     |     |     |     |     |     |     |     |      Assign 2031..2032
|     |     |     |     |     |     |     |     |     |     |      Assign 2031..2032 "="
|     |     |     |     |     |     |     |     |     |      Expression 2032..2033
|     |     |     |     |     |     |     |     |     |     |      ExpressionAtom 2032..2033
|     |     |     |     |     |     |     |     |     |     |     |      Number 2032..2033
|     |     |     |     |     |     |     |     |     |     |     |     |      Number 2032..2033 "0"
|     |     |     |     |     |     |     |     |      Semicolon 2033..2034
|     |     |     |     |     |     |     |     |     |      Semicolon 2033..2034 ";"
|     |     |     |     |     |     |     |     |      WhiteSpace 2034..2035
|     |     |     |     |     |     |     |     |     |      WhiteSpace 2034..2035 " "
|     |     |     |     |     |     |     |     |      Expression 2035..2040
|     |     |     |     |     |     |     |     |     |      LessThan 2035..2040
|     |     |     |     |     |     |     |     |     |     |      ExpressionAtom 2035..2036
|     |     |     |     |     |     |     |     |     |     |     |      Identifier 2035..2036
|     |     |     |     |     |     |     |     |     |     |     |     |      Identifier 2035..2036 "j"
|     |     |     |     |     |     |     |     |     |     |      LessThan 2036..2037
|     |     |     |     |     |     |     |     |     |     |     |      LessThan 2036..2037 "<"
|     |     |     |     |     |     |     |     |     |     |      ExpressionAtom 2037..2040
|     |     |     |     |     |     |     |     |     |     |     |      Identifier 2037..2040
|     |     |     |     |     |     |     |     |     |     |     |     |      Identifier 2037..2040 "ops"
|     |     |     |     |     |     |     |     |      Semicolon 2040..2041
|     |     |     |     |     |     |     |     |     |      Semicolon 2040..2041 ";"
|     |     |     |     |     |     |     |     |      WhiteSpace 2041..2042
|     |     |     |     |     |     |     |     |     |      WhiteSpace 2041..2042 " "
|     |     |     |     |     |     |     |     |      AssignStatement 2042..2045
|     |     |     |     |     |     |     |     |     |      Expression 2042..2045
|     |     |     |     |     |     |     |     |     |     |      UnitInc 2042..2045
|     |     |     |     |     |     |     |     |     |     |     |      ExpressionAtom 2042..2043
|     |     |     |     |     |     |     |     |     |     |     |     |      Identifier 2042..2043
|     |     |     |     |     |     |     |     |     |     |     |     |     |      Identifier 2042..2043 "j"
|     |     |     |     |     |     |     |     |     |     |     |      UnitInc 2043..2045
|     |     |     |     |     |     |     |     |     |     |     |     |      UnitInc 2043..2045 "++"
|     |     |     |     |     |     |     |     |      RParen 2045..2046
|     |     |     |     |     |     |     |     |     |      RParen 2045..2046 ")"
|     |     |     |     |     |     |     |     |      WhiteSpace 2046..2047
|     |     |     |     |     |     |     |     |     |      WhiteSpace 2046..2047 " "
|     |     |     |     |     |     |     |     |      Block 2047..2094
|     |     |     |     |     |     |     |     |     |      LCurly 2047..2048
|     |     |     |     |     |     |     |     |     |     |      LCurly 2047..2048 "{"
|     |     |     |     |     |     |     |     |     |      EndLine 2048..2050
|     |     |     |     |     |     |     |     |     |     |      EndLine 2048..2050 "\r\n"
|     |     |     |     |     |     |     |     |     |      WhiteSpace 2050..2062
|     |     |     |     |     |     |     |     |     |     |      WhiteSpace 2050..2062 "            "
|     |     |     |     |     |     |     |     |     |      StatementList 2062..2093
|     |     |     |     |     |     |     |     |     |     |      AssignStatement 2062..2082
|     |     |     |     |     |     |     |     |     |     |     |      Expression 2062..2066
|     |     |     |     |     |     |     |     |     |     |     |     |      ExpressionAtom 2062..2065
|     |     |     |     |     |     |     |     |     |     |     |     |     |      Identifier 2062..2065
|     |     |     |     |     |     |     |     |     |     |     |     |     |     |      Identifier 2062..2065 "lin"
|     |     |     |     |     |     |     |     |     |     |     |     |      WhiteSpace 2065..2066
|     |     |     |     |     |     |     |     |     |     |     |     |     |      WhiteSpace 2065..2066 " "
|     |     |     |     |     |     |     |     |     |     |     |      AddAssign 2066..2068
|     |     |     |     |     |     |     |     |     |     |     |     |      AddAssign 2066..2068 "+="
|     |     |     |     |     |     |     |     |     |     |     |      WhiteSpace 2068..2069
|     |     |     |     |     |     |     |     |     |     |     |     |      WhiteSpace 2068..2069 " "
|     |     |     |     |     |     |     |     |     |     |     |      Expression 2069..2082
|     |     |     |     |     |     |     |     |     |     |     |     |      Mul 2069..2082
|     |     |     |     |     |     |     |     |     |     |     |     |     |      ArrayQuery 2069..2077
|     |     |     |     |     |     |     |     |     |     |     |     |     |     |      ArrayQuery 2069..2074
|     |     |     |     |     |     |     |     |     |     |     |     |     |     |     |      ExpressionAtom 2069..2071
|     |     |     |     |     |     |     |     |     |     |     |     |     |     |     |     |      Identifier 2069..2071
|     |     |     |     |     |     |     |     |     |     |     |     |     |     |     |     |     |      Identifier 2069..2071 "in"
|     |     |     |     |     |     |     |     |     |     |     |     |     |     |     |      LBracket 2071..2072
|     |     |     |     |     |     |     |     |     |     |     |     |     |     |     |     |      LBracket 2071..2072 "["
|     |     |     |     |     |     |     |     |     |     |     |     |     |     |     |      Expression 2072..2073
|     |     |     |     |     |     |     |     |     |     |     |     |     |     |     |     |      ExpressionAtom 2072..2073
|     |     |     |     |     |     |     |     |     |     |     |     |     |     |     |     |     |      Identifier 2072..2073
|     |     |     |     |     |     |     |     |     |     |     |     |     |     |     |     |     |     |      Identifier 2072..2073 "j"
|     |     |     |     |     |     |     |     |     |     |     |     |     |     |     |      RBracket 2073..2074
|     |     |     |     |     |     |     |     |     |     |     |     |     |     |     |     |      RBracket 2073..2074 "]"
|     |     |     |     |     |     |     |     |     |     |     |     |     |     |      LBracket 2074..2075
|     |     |     |     |     |     |     |     |     |     |     |     |     |     |     |      LBracket 2074..2075 "["
|     |     |     |     |     |     |     |     |     |     |     |     |     |     |      Expression 2075..2076
|     |     |     |     |     |     |     |     |     |     |     |     |     |     |     |      ExpressionAtom 2075..2076
|     |     |     |     |     |     |     |     |     |     |     |     |     |     |     |     |      Identifier 2075..2076
|     |     |     |     |     |     |     |     |     |     |     |     |     |     |     |     |     |      Identifier 2075..2076 "k"
|     |     |     |     |     |     |     |     |     |     |     |     |     |     |      RBracket 2076..2077
|     |     |     |     |     |     |     |     |     |     |     |     |     |     |     |      RBracket 2076..2077 "]"
|     |     |     |     |     |     |     |     |     |     |     |     |     |      WhiteSpace 2077..2078
|     |     |     |     |     |     |     |     |     |     |     |     |     |     |      WhiteSpace 2077..2078 " "
|     |     |     |     |     |     |     |     |     |     |     |     |     |      Mul 2078..2079
|     |     |     |     |     |     |     |     |     |     |     |     |     |     |      Mul 2078..2079 "*"
|     |     |     |     |     |     |     |     |     |     |     |     |     |      WhiteSpace 2079..2080
|     |     |     |     |     |     |     |     |     |     |     |     |     |     |      WhiteSpace 2079..2080 " "
|     |     |     |     |     |     |     |     |     |     |     |     |     |      ExpressionAtom 2080..2082
|     |     |     |     |     |     |     |     |     |     |     |     |     |     |      Identifier 2080..2082
|     |     |     |     |     |     |     |     |     |     |     |     |     |     |     |      Identifier 2080..2082 "e2"
|     |     |     |     |     |     |     |     |     |     |      Semicolon 2082..2083
|     |     |     |     |     |     |     |     |     |     |     |      Semicolon 2082..2083 ";"
|     |     |     |     |     |     |     |     |     |     |      EndLine 2083..2085
|     |     |     |     |     |     |     |     |     |     |     |      EndLine 2083..2085 "\r\n"
|     |     |     |     |     |     |     |     |     |     |      WhiteSpace 2085..2093
|     |     |     |     |     |     |     |     |     |     |     |      WhiteSpace 2085..2093 "        "
|     |     |     |     |     |     |     |     |     |      RCurly 2093..2094
|     |     |     |     |     |     |     |     |     |     |      RCurly 2093..2094 "}"
|     |     |     |     |     |     |     |      EndLine 2094..2096
|     |     |     |     |     |     |     |     |      EndLine 2094..2096 "\r\n"
|     |     |     |     |     |     |     |      WhiteSpace 2096..2104
|     |     |     |     |     |     |     |     |      WhiteSpace 2096..2104 "        "
|     |     |     |     |     |     |     |      AssignStatement 2104..2116
|     |     |     |     |     |     |     |     |      Expression 2104..2107
|     |     |     |     |     |     |     |     |     |      ExpressionAtom 2104..2106
|     |     |     |     |     |     |     |     |     |     |      Identifier 2104..2106
|     |     |     |     |     |     |     |     |     |     |     |      Identifier 2104..2106 "e2"
|     |     |     |     |     |     |     |     |     |      WhiteSpace 2106..2107
|     |     |     |     |     |     |     |     |     |     |      WhiteSpace 2106..2107 " "
|     |     |     |     |     |     |     |     |      Assign 2107..2108
|     |     |     |     |     |     |     |     |     |      Assign 2107..2108 "="
|     |     |     |     |     |     |     |     |      WhiteSpace 2108..2109
|     |     |     |     |     |     |     |     |     |      WhiteSpace 2108..2109 " "
|     |     |     |     |     |     |     |     |      Expression 2109..2116
|     |     |     |     |     |     |     |     |     |      Add 2109..2116
|     |     |     |     |     |     |     |     |     |     |      ExpressionAtom 2109..2111
|     |     |     |     |     |     |     |     |     |     |     |      Identifier 2109..2111
|     |     |     |     |     |     |     |     |     |     |     |     |      Identifier 2109..2111 "e2"
|     |     |     |     |     |     |     |     |     |     |      WhiteSpace 2111..2112
|     |     |     |     |     |     |     |     |     |     |     |      WhiteSpace 2111..2112 " "
|     |     |     |     |     |     |     |     |     |     |      Add 2112..2113
|     |     |     |     |     |     |     |     |     |     |     |      Add 2112..2113 "+"
|     |     |     |     |     |     |     |     |     |     |      WhiteSpace 2113..2114
|     |     |     |     |     |     |     |     |     |     |     |      WhiteSpace 2113..2114 " "
|     |     |     |     |     |     |     |     |     |     |      ExpressionAtom 2114..2116
|     |     |     |     |     |     |     |     |     |     |     |      Identifier 2114..2116
|     |     |     |     |     |     |     |     |     |     |     |     |      Identifier 2114..2116 "e2"
|     |     |     |     |     |     |     |      Semicolon 2116..2117
|     |     |     |     |     |     |     |     |      Semicolon 2116..2117 ";"
|     |     |     |     |     |     |     |      EndLine 2117..2119
|     |     |     |     |     |     |     |     |      EndLine 2117..2119 "\r\n"
|     |     |     |     |     |     |     |      WhiteSpace 2119..2123
|     |     |     |     |     |     |     |     |      WhiteSpace 2119..2123 "    "
|     |     |     |     |     |     |     |      EndLine 2123..2125
|     |     |     |     |     |     |     |     |      EndLine 2123..2125 "\r\n"
|     |     |     |     |     |     |     |      WhiteSpace 2125..2133
|     |     |     |     |     |     |     |     |      WhiteSpace 2125..2133 "        "
|     |     |     |     |     |     |     |      AssignStatement 2133..2139
|     |     |     |     |     |     |     |     |      Expression 2133..2136
|     |     |     |     |     |     |     |     |     |      ExpressionAtom 2133..2135
|     |     |     |     |     |     |     |     |     |     |      Identifier 2133..2135
|     |     |     |     |     |     |     |     |     |     |     |      Identifier 2133..2135 "e2"
|     |     |     |     |     |     |     |     |     |      WhiteSpace 2135..2136
|     |     |     |     |     |     |     |     |     |     |      WhiteSpace 2135..2136 " "
|     |     |     |     |     |     |     |     |      Assign 2136..2137
|     |     |     |     |     |     |     |     |     |      Assign 2136..2137 "="
|     |     |     |     |     |     |     |     |      WhiteSpace 2137..2138
|     |     |     |     |     |     |     |     |     |      WhiteSpace 2137..2138 " "
|     |     |     |     |     |     |     |     |      Expression 2138..2139
|     |     |     |     |     |     |     |     |     |      ExpressionAtom 2138..2139
|     |     |     |     |     |     |     |     |     |     |      Number 2138..2139
|     |     |     |     |     |     |     |     |     |     |     |      Number 2138..2139 "1"
|     |     |     |     |     |     |     |      Semicolon 2139..2140
|     |     |     |     |     |     |     |     |      Semicolon 2139..2140 ";"
|     |     |     |     |     |     |     |      EndLine 2140..2142
|     |     |     |     |     |     |     |     |      EndLine 2140..2142 "\r\n"
|     |     |     |     |     |     |     |      WhiteSpace 2142..2150
|     |     |     |     |     |     |     |     |      WhiteSpace 2142..2150 "        "
|     |     |     |     |     |     |     |      ForLoop 2150..2381
|     |     |     |     |     |     |     |     |      ForKw 2150..2153
|     |     |     |     |     |     |     |     |     |      ForKw 2150..2153 "for"
|     |     |     |     |     |     |     |     |      WhiteSpace 2153..2154
|     |     |     |     |     |     |     |     |     |      WhiteSpace 2153..2154 " "
|     |     |     |     |     |     |     |     |      LParen 2154..2155
|     |     |     |     |     |     |     |     |     |      LParen 2154..2155 "("
|     |     |     |     |     |     |     |     |      AssignStatement 2155..2158
|     |     |     |     |     |     |     |     |     |      Expression 2155..2156
|     |     |     |     |     |     |     |     |     |     |      ExpressionAtom 2155..2156
|     |     |     |     |     |     |     |     |     |     |     |      Identifier 2155..2156
|     |     |     |     |     |     |     |     |     |     |     |     |      Identifier 2155..2156 "k"
|     |     |     |     |     |     |     |     |     |      Assign 2156..2157
|     |     |     |     |     |     |     |     |     |     |      Assign 2156..2157 "="
|     |     |     |     |     |     |     |     |     |      Expression 2157..2158
|     |     |     |     |     |     |     |     |     |     |      ExpressionAtom 2157..2158
|     |     |     |     |     |     |     |     |     |     |     |      Number 2157..2158
|     |     |     |     |     |     |     |     |     |     |     |     |      Number 2157..2158 "0"
|     |     |     |     |     |     |     |     |      Semicolon 2158..2159
|     |     |     |     |     |     |     |     |     |      Semicolon 2158..2159 ";"
|     |     |     |     |     |     |     |     |      WhiteSpace 2159..2160
|     |     |     |     |     |     |     |     |     |      WhiteSpace 2159..2160 " "
|     |     |     |     |     |     |     |     |      Expression 2160..2166
|     |     |     |     |     |     |     |     |     |      LessThan 2160..2166
|     |     |     |     |     |     |     |     |     |     |      ExpressionAtom 2160..2161
|     |     |     |     |     |     |     |     |     |     |     |      Identifier 2160..2161
|     |     |     |     |     |     |     |     |     |     |     |     |      Identifier 2160..2161 "k"
|     |     |     |     |     |     |     |     |     |     |      LessThan 2161..2162
|     |     |     |     |     |     |     |     |     |     |     |      LessThan 2161..2162 "<"
|     |     |     |     |     |     |     |     |     |     |      ExpressionAtom 2162..2166
|     |     |     |     |     |     |     |     |     |     |     |      Identifier 2162..2166
|     |     |     |     |     |     |     |     |     |     |     |     |      Identifier 2162..2166 "nout"
|     |     |     |     |     |     |     |     |      Semicolon 2166..2167
|     |     |     |     |     |     |     |     |     |      Semicolon 2166..2167 ";"
|     |     |     |     |     |     |     |     |      WhiteSpace 2167..2168
|     |     |     |     |     |     |     |     |     |      WhiteSpace 2167..2168 " "
|     |     |     |     |     |     |     |     |      AssignStatement 2168..2171
|     |     |     |     |     |     |     |     |     |      Expression 2168..2171
|     |     |     |     |     |     |     |     |     |     |      UnitInc 2168..2171
|     |     |     |     |     |     |     |     |     |     |     |      ExpressionAtom 2168..2169
|     |     |     |     |     |     |     |     |     |     |     |     |      Identifier 2168..2169
|     |     |     |     |     |     |     |     |     |     |     |     |     |      Identifier 2168..2169 "k"
|     |     |     |     |     |     |     |     |     |     |     |      UnitInc 2169..2171
|     |     |     |     |     |     |     |     |     |     |     |     |      UnitInc 2169..2171 "++"
|     |     |     |     |     |     |     |     |      RParen 2171..2172
|     |     |     |     |     |     |     |     |     |      RParen 2171..2172 ")"
|     |     |     |     |     |     |     |     |      WhiteSpace 2172..2173
|     |     |     |     |     |     |     |     |     |      WhiteSpace 2172..2173 " "
|     |     |     |     |     |     |     |     |      Block 2173..2381
|     |     |     |     |     |     |     |     |     |      LCurly 2173..2174
|     |     |     |     |     |     |     |     |     |     |      LCurly 2173..2174 "{"
|     |     |     |     |     |     |     |     |     |      EndLine 2174..2176
|     |     |     |     |     |     |     |     |     |     |      EndLine 2174..2176 "\r\n"
|     |     |     |     |     |     |     |     |     |      WhiteSpace 2176..2188
|     |     |     |     |     |     |     |     |     |     |      WhiteSpace 2176..2188 "            "
|     |     |     |     |     |     |     |     |     |      StatementList 2188..2380
|     |     |     |     |     |     |     |     |     |     |      AssignStatement 2188..2213
|     |     |     |     |     |     |     |     |     |     |     |      Expression 2188..2195
|     |     |     |     |     |     |     |     |     |     |     |     |      ArrayQuery 2188..2194
|     |     |     |     |     |     |     |     |     |     |     |     |     |      ExpressionAtom 2188..2191
|     |     |     |     |     |     |     |     |     |     |     |     |     |     |      Identifier 2188..2191
|     |     |     |     |     |     |     |     |     |     |     |     |     |     |     |      Identifier 2188..2191 "out"
|     |     |     |     |     |     |     |     |     |     |     |     |     |      LBracket 2191..2192
|     |     |     |     |     |     |     |     |     |     |     |     |     |     |      LBracket 2191..2192 "["
|     |     |     |     |     |     |     |     |     |     |     |     |     |      Expression 2192..2193
|     |     |     |     |     |     |     |     |     |     |     |     |     |     |      ExpressionAtom 2192..2193
|     |     |     |     |     |     |     |     |     |     |     |     |     |     |     |      Identifier 2192..2193
|     |     |     |     |     |     |     |     |     |     |     |     |     |     |     |     |      Identifier 2192..2193 "k"
|     |     |     |     |     |     |     |     |     |     |     |     |     |      RBracket 2193..2194
|     |     |     |     |     |     |     |     |     |     |     |     |     |     |      RBracket 2193..2194 "]"
|     |     |     |     |     |     |     |     |     |     |     |     |      WhiteSpace 2194..2195
|     |     |     |     |     |     |     |     |     |     |     |     |     |      WhiteSpace 2194..2195 " "
|     |     |     |     |     |     |     |     |     |     |     |      RAssignSignal 2195..2198
|     |     |     |     |     |     |     |     |     |     |     |     |      RAssignSignal 2195..2198 "<--"
|     |     |     |     |     |     |     |     |     |     |     |      WhiteSpace 2198..2199
|     |     |     |     |     |     |     |     |     |     |     |     |      WhiteSpace 2198..2199 " "
|     |     |     |     |     |     |     |     |     |     |     |      Expression 2199..2213
|     |     |     |     |     |     |     |     |     |     |     |     |      BitAnd 2199..2213
|     |     |     |     |     |     |     |     |     |     |     |     |     |      Expression 2199..2209
|     |     |     |     |     |     |     |     |     |     |     |     |     |     |      LParen 2199..2200
|     |     |     |     |     |     |     |     |     |     |     |     |     |     |     |      LParen 2199..2200 "("
|     |     |     |     |     |     |     |     |     |     |     |     |     |     |      ShiftR 2200..2208
|     |     |     |     |     |     |     |     |     |     |     |     |     |     |     |      ExpressionAtom 2200..2203
|     |     |     |     |     |     |     |     |     |     |     |     |     |     |     |     |      Identifier 2200..2203
|     |     |     |     |     |     |     |     |     |     |     |     |     |     |     |     |     |      Identifier 2200..2203 "lin"
|     |     |     |     |     |     |     |     |     |     |     |     |     |     |     |      WhiteSpace 2203..2204
|     |     |     |     |     |     |     |     |     |     |     |     |     |     |     |     |      WhiteSpace 2203..2204 " "
|     |     |     |     |     |     |     |     |     |     |     |     |     |     |     |      ShiftR 2204..2206
|     |     |     |     |     |     |     |     |     |     |     |     |     |     |     |     |      ShiftR 2204..2206 ">>"
|     |     |     |     |     |     |     |     |     |     |     |     |     |     |     |      WhiteSpace 2206..2207
|     |     |     |     |     |     |     |     |     |     |     |     |     |     |     |     |      WhiteSpace 2206..2207 " "
|     |     |     |     |     |     |     |     |     |     |     |     |     |     |     |      ExpressionAtom 2207..2208
|     |     |     |     |     |     |     |     |     |     |     |     |     |     |     |     |      Identifier 2207..2208
|     |     |     |     |     |     |     |     |     |     |     |     |     |     |     |     |     |      Identifier 2207..2208 "k"
|     |     |     |     |     |     |     |     |     |     |     |     |     |     |      RParen 2208..2209
|     |     |     |     |     |     |     |     |     |     |     |     |     |     |     |      RParen 2208..2209 ")"
|     |     |     |     |     |     |     |     |     |     |     |     |     |      WhiteSpace 2209..2210
|     |     |     |     |     |     |     |     |     |     |     |     |     |     |      WhiteSpace 2209..2210 " "
|     |     |     |     |     |     |     |     |     |     |     |     |     |      BitAnd 2210..2211
|     |     |     |     |     |     |     |     |     |     |     |     |     |     |      BitAnd 2210..2211 "&"
|     |     |     |     |     |     |     |     |     |     |     |     |     |      WhiteSpace 2211..2212
|     |     |     |     |     |     |     |     |     |     |     |     |     |     |      WhiteSpace 2211..2212 " "
|     |     |     |     |     |     |     |     |     |     |     |     |     |      ExpressionAtom 2212..2213
|     |     |     |     |     |     |     |     |     |     |     |     |     |     |      Number 2212..2213
|     |     |     |     |     |     |     |     |     |     |     |     |     |     |     |      Number 2212..2213 "1"
|     |     |     |     |     |     |     |     |     |     |      Semicolon 2213..2214
|     |     |     |     |     |     |     |     |     |     |     |      Semicolon 2213..2214 ";"
|     |     |     |     |     |     |     |     |     |     |      EndLine 2214..2216
|     |     |     |     |     |     |     |     |     |     |     |      EndLine 2214..2216 "\r\n"
|     |     |     |     |     |     |     |     |     |     |      WhiteSpace 2216..2220
|     |     |     |     |     |     |     |     |     |     |     |      WhiteSpace 2216..2220 "    "
|     |     |     |     |     |     |     |     |     |     |      EndLine 2220..2222
|     |     |     |     |     |     |     |     |     |     |     |      EndLine 2220..2222 "\r\n"
|     |     |     |     |     |     |     |     |     |     |      WhiteSpace 2222..2234
|     |     |     |     |     |     |     |     |     |     |     |      WhiteSpace 2222..2234 "            "
|     |     |     |     |     |     |     |     |     |     |      CommentLine 2234..2257
|     |     |     |     |     |     |     |     |     |     |     |      CommentLine 2234..2257 "// Ensure out is binary"
|     |     |     |     |     |     |     |     |     |     |      EndLine 2257..2259
|     |     |     |     |     |     |     |     |     |     |     |      EndLine 2257..2259 "\r\n"
|     |     |     |     |     |     |     |     |     |     |      WhiteSpace 2259..2271
|     |     |     |     |     |     |     |     |     |     |     |      WhiteSpace 2259..2271 "            "
|     |     |     |     |     |     |     |     |     |     |      AssignStatement 2271..2298
|     |     |     |     |     |     |     |     |     |     |     |      Expression 2271..2293
|     |     |     |     |     |     |     |     |     |     |     |     |      Mul 2271..2293
|     |     |     |     |     |     |     |     |     |     |     |     |     |      ArrayQuery 2271..2277
|     |     |     |     |     |     |     |     |     |     |     |     |     |     |      ExpressionAtom 2271..2274
|     |     |     |     |     |     |     |     |     |     |     |     |     |     |     |      Identifier 2271..2274
|     |     |     |     |     |     |     |     |     |     |     |     |     |     |     |     |      Identifier 2271..2274 "out"
|     |     |     |     |     |     |     |     |     |     |     |     |     |     |      LBracket 2274..2275
|     |     |     |     |     |     |     |     |     |     |     |     |     |     |     |      LBracket 2274..2275 "["
|     |     |     |     |     |     |     |     |     |     |     |     |     |     |      Expression 2275..2276
|     |     |     |     |     |     |     |     |     |     |     |     |     |     |     |      ExpressionAtom 2275..2276
|     |     |     |     |     |     |     |     |     |     |     |     |     |     |     |     |      Identifier 2275..2276
|     |     |     |     |     |     |     |     |     |     |     |     |     |     |     |     |     |      Identifier 2275..2276 "k"
|     |     |     |     |     |     |     |     |     |     |     |     |     |     |      RBracket 2276..2277
|     |     |     |     |     |     |     |     |     |     |     |     |     |     |     |      RBracket 2276..2277 "]"
|     |     |     |     |     |     |     |     |     |     |     |     |     |      WhiteSpace 2277..2278
|     |     |     |     |     |     |     |     |     |     |     |     |     |     |      WhiteSpace 2277..2278 " "
|     |     |     |     |     |     |     |     |     |     |     |     |     |      Mul 2278..2279
|     |     |     |     |     |     |     |     |     |     |     |     |     |     |      Mul 2278..2279 "*"
|     |     |     |     |     |     |     |     |     |     |     |     |     |      WhiteSpace 2279..2280
|     |     |     |     |     |     |     |     |     |     |     |     |     |     |      WhiteSpace 2279..2280 " "
|     |     |     |     |     |     |     |     |     |     |     |     |     |      Expression 2280..2292
|     |     |     |     |     |     |     |     |     |     |     |     |     |     |      LParen 2280..2281
|     |     |     |     |     |     |     |     |     |     |     |     |     |     |     |      LParen 2280..2281 "("
|     |     |     |     |     |     |     |     |     |     |     |     |     |     |      Sub 2281..2291
|     |     |     |     |     |     |     |     |     |     |     |     |     |     |     |      ArrayQuery 2281..2287
|     |     |     |     |     |     |     |     |     |     |     |     |     |     |     |     |      ExpressionAtom 2281..2284
|     |     |     |     |     |     |     |     |     |     |     |     |     |     |     |     |     |      Identifier 2281..2284
|     |     |     |     |     |     |     |     |     |     |     |     |     |     |     |     |     |     |      Identifier 2281..2284 "out"
|     |     |     |     |     |     |     |     |     |     |     |     |     |     |     |     |      LBracket 2284..2285
|     |     |     |     |     |     |     |     |     |     |     |     |     |     |     |     |     |      LBracket 2284..2285 "["
|     |     |     |     |     |     |     |     |     |     |     |     |     |     |     |     |      Expression 2285..2286
|     |     |     |     |     |     |     |     |     |     |     |     |     |     |     |     |     |      ExpressionAtom 2285..2286
|     |     |     |     |     |     |     |     |     |     |     |     |     |     |     |     |     |     |      Identifier 2285..2286
|     |     |     |     |     |     |     |     |     |     |     |     |     |     |     |     |     |     |     |      Identifier 2285..2286 "k"
|     |     |     |     |     |     |     |     |     |     |     |     |     |     |     |     |      RBracket 2286..2287
|     |     |     |     |     |     |     |     |     |     |     |     |     |     |     |     |     |      RBracket 2286..2287 "]"
|     |     |     |     |     |     |     |     |     |     |     |     |     |     |     |      WhiteSpace 2287..2288
|     |     |     |     |     |     |     |     |     |     |     |     |     |     |     |     |      WhiteSpace 2287..2288 " "
|     |     |     |     |     |     |     |     |     |     |     |     |     |     |     |      Sub 2288..2289
|     |     |     |     |     |     |     |     |     |     |     |     |     |     |     |     |      Sub 2288..2289 "-"
|     |     |     |     |     |     |     |     |     |     |     |     |     |     |     |      WhiteSpace 2289..2290
|     |     |     |     |     |     |     |     |     |     |     |     |     |     |     |     |      WhiteSpace 2289..2290 " "
|     |     |     |     |     |     |     |     |     |     |     |     |     |     |     |      ExpressionAtom 2290..2291
|     |     |     |     |     |     |     |     |     |     |     |     |     |     |     |     |      Number 2290..2291
|     |     |     |     |     |     |     |     |     |     |     |     |     |     |     |     |     |      Number 2290..2291 "1"
|     |     |     |     |     |     |     |     |     |     |     |     |     |     |      RParen 2291..2292
|     |     |     |     |     |     |     |     |     |     |     |     |     |     |     |      RParen 2291..2292 ")"
|     |     |     |     |     |     |     |     |     |     |     |     |     |      WhiteSpace 2292..2293
|     |     |     |     |     |     |     |     |     |     |     |     |     |     |      WhiteSpace 2292..2293 " "
|     |     |     |     |     |     |     |     |     |     |     |      EqualSignal 2293..2296
|     |     |     |     |     |     |     |     |     |     |     |     |      EqualSignal 2293..2296 "==="
|     |     |     |     |     |     |     |     |     |     |     |      WhiteSpace 2296..2297
|     |     |     |     |     |     |     |     |     |     |     |     |      WhiteSpace 2296..2297 " "
|     |     |     |     |     |     |     |     |     |     |     |      Expression 2297..2298
|     |     |     |     |     |     |     |     |     |     |     |     |      ExpressionAtom 2297..2298
|     |     |     |     |     |     |     |     |     |     |     |     |     |      Number 2297..2298
|     |     |     |     |     |     |     |     |     |     |     |     |     |     |      Number 2297..2298 "0"
|     |     |     |     |     |     |     |     |     |     |      Semicolon 2298..2299
|     |     |     |     |     |     |     |     |     |     |     |      Semicolon 2298..2299 ";"
|     |     |     |     |     |     |     |     |     |     |      EndLine 2299..2301
|     |     |     |     |     |     |     |     |     |     |     |      EndLine 2299..2301 "\r\n"
|     |     |     |     |     |     |     |     |     |     |      WhiteSpace 2301..2305
|     |     |     |     |     |     |     |     |     |     |     |      WhiteSpace 2301..2305 "    "
|     |     |     |     |     |     |     |     |     |     |      EndLine 2305..2307
|     |     |     |     |     |     |     |     |     |     |     |      EndLine 2305..2307 "\r\n"
|     |     |     |     |     |     |     |     |     |     |      WhiteSpace 2307..2319
|     |     |     |     |     |     |     |     |     |     |     |      WhiteSpace 2307..2319 "            "
|     |     |     |     |     |     |     |     |     |     |      AssignStatement 2319..2338
|     |     |     |     |     |     |     |     |     |     |     |      Expression 2319..2324
|     |     |     |     |     |     |     |     |     |     |     |     |      ExpressionAtom 2319..2323
|     |     |     |     |     |     |     |     |     |     |     |     |     |      Identifier 2319..2323
|     |     |     |     |     |     |     |     |     |     |     |     |     |     |      Identifier 2319..2323 "lout"
|     |     |     |     |     |     |     |     |     |     |     |     |      WhiteSpace 2323..2324
|     |     |     |     |     |     |     |     |     |     |     |     |     |      WhiteSpace 2323..2324 " "
|     |     |     |     |     |     |     |     |     |     |     |      AddAssign 2324..2326
|     |     |     |     |     |     |     |     |     |     |     |     |      AddAssign 2324..2326 "+="
|     |     |     |     |     |     |     |     |     |     |     |      WhiteSpace 2326..2327
|     |     |     |     |     |     |     |     |     |     |     |     |      WhiteSpace 2326..2327 " "
|     |     |     |     |     |     |     |     |     |     |     |      Expression 2327..2338
|     |     |     |     |     |     |     |     |     |     |     |     |      Mul 2327..2338
|     |     |     |     |     |     |     |     |     |     |     |     |     |      ArrayQuery 2327..2333
|     |     |     |     |     |     |     |     |     |     |     |     |     |     |      ExpressionAtom 2327..2330
|     |     |     |     |     |     |     |     |     |     |     |     |     |     |     |      Identifier 2327..2330
|     |     |     |     |     |     |     |     |     |     |     |     |     |     |     |     |      Identifier 2327..2330 "out"
|     |     |     |     |     |     |     |     |     |     |     |     |     |     |      LBracket 2330..2331
|     |     |     |     |     |     |     |     |     |     |     |     |     |     |     |      LBracket 2330..2331 "["
|     |     |     |     |     |     |     |     |     |     |     |     |     |     |      Expression 2331..2332
|     |     |     |     |     |     |     |     |     |     |     |     |     |     |     |      ExpressionAtom 2331..2332
|     |     |     |     |     |     |     |     |     |     |     |     |     |     |     |     |      Identifier 2331..2332
|     |     |     |     |     |     |     |     |     |     |     |     |     |     |     |     |     |      Identifier 2331..2332 "k"
|     |     |     |     |     |     |     |     |     |     |     |     |     |     |      RBracket 2332..2333
|     |     |     |     |     |     |     |     |     |     |     |     |     |     |     |      RBracket 2332..2333 "]"
|     |     |     |     |     |     |     |     |     |     |     |     |     |      WhiteSpace 2333..2334
|     |     |     |     |     |     |     |     |     |     |     |     |     |     |      WhiteSpace 2333..2334 " "
|     |     |     |     |     |     |     |     |     |     |     |     |     |      Mul 2334..2335
|     |     |     |     |     |     |     |     |     |     |     |     |     |     |      Mul 2334..2335 "*"
|     |     |     |     |     |     |     |     |     |     |     |     |     |      WhiteSpace 2335..2336
|     |     |     |     |     |     |     |     |     |     |     |     |     |     |      WhiteSpace 2335..2336 " "
|     |     |     |     |     |     |     |     |     |     |     |     |     |      ExpressionAtom 2336..2338
|     |     |     |     |     |     |     |     |     |     |     |     |     |     |      Identifier 2336..2338
|     |     |     |     |     |     |     |     |     |     |     |     |     |     |     |      Identifier 2336..2338 "e2"
|     |     |     |     |     |     |     |     |     |     |      Semicolon 2338..2339
|     |     |     |     |     |     |     |     |     |     |     |      Semicolon 2338..2339 ";"
|     |     |     |     |     |     |     |     |     |     |      EndLine 2339..2341
|     |     |     |     |     |     |     |     |     |     |     |      EndLine 2339..2341 "\r\n"
|     |     |     |     |     |     |     |     |     |     |      WhiteSpace 2341..2345
|     |     |     |     |     |     |     |     |     |     |     |      WhiteSpace 2341..2345 "    "
|     |     |     |     |     |     |     |     |     |     |      EndLine 2345..2347
|     |     |     |     |     |     |     |     |     |     |     |      EndLine 2345..2347 "\r\n"
|     |     |     |     |     |     |     |     |     |     |      WhiteSpace 2347..2359
|     |     |     |     |     |     |     |     |     |     |     |      WhiteSpace 2347..2359 "            "
|     |     |     |     |     |     |     |     |     |     |      AssignStatement 2359..2369
|     |     |     |     |     |     |     |     |     |     |     |      Expression 2359..2362
|     |     |     |     |     |     |     |     |     |     |     |     |      ExpressionAtom 2359..2361
|     |     |     |     |     |     |     |     |     |     |     |     |     |      Identifier 2359..2361
|     |     |     |     |     |     |     |     |     |     |     |     |     |     |      Identifier 2359..2361 "e2"
|     |     |     |     |     |     |     |     |     |     |     |     |      WhiteSpace 2361..2362
|     |     |     |     |     |     |     |     |     |     |     |     |     |      WhiteSpace 2361..2362 " "
|     |     |     |     |     |     |     |     |     |     |     |      Assign 2362..2363
|     |     |     |     |     |     |     |     |     |     |     |     |      Assign 2362..2363 "="
|     |     |     |     |     |     |     |     |     |     |     |      WhiteSpace 2363..2364
|     |     |     |     |     |     |     |     |     |     |     |     |      WhiteSpace 2363..2364 " "
|     |     |     |     |     |     |     |     |     |     |     |      Expression 2364..2369
|     |     |     |     |     |     |     |     |     |     |     |     |      Add 2364..2369
|     |     |     |     |     |     |     |     |     |     |     |     |     |      ExpressionAtom 2364..2366
|     |     |     |     |     |     |     |     |     |     |     |     |     |     |      Identifier 2364..2366
|     |     |     |     |     |     |     |     |     |     |     |     |     |     |     |      Identifier 2364..2366 "e2"
|     |     |     |     |     |     |     |     |     |     |     |     |     |      Add 2366..2367
|     |     |     |     |     |     |     |     |     |     |     |     |     |     |      Add 2366..2367 "+"
|     |     |     |     |     |     |     |     |     |     |     |     |     |      ExpressionAtom 2367..2369
|     |     |     |     |     |     |     |     |     |     |     |     |     |     |      Identifier 2367..2369
|     |     |     |     |     |     |     |     |     |     |     |     |     |     |     |      Identifier 2367..2369 "e2"
|     |     |     |     |     |     |     |     |     |     |      Semicolon 2369..2370
|     |     |     |     |     |     |     |     |     |     |     |      Semicolon 2369..2370 ";"
|     |     |     |     |     |     |     |     |     |     |      EndLine 2370..2372
|     |     |     |     |     |     |     |     |     |     |     |      EndLine 2370..2372 "\r\n"
|     |     |     |     |     |     |     |     |     |     |      WhiteSpace 2372..2380
|     |     |     |     |     |     |     |     |     |     |     |      WhiteSpace 2372..2380 "        "
|     |     |     |     |     |     |     |     |     |      RCurly 2380..2381
|     |     |     |     |     |     |     |     |     |     |      RCurly 2380..2381 "}"
|     |     |     |     |     |     |     |      EndLine 2381..2383
|     |     |     |     |     |     |     |     |      EndLine 2381..2383 "\r\n"
|     |     |     |     |     |     |     |      WhiteSpace 2383..2387
|     |     |     |     |     |     |     |     |      WhiteSpace 2383..2387 "    "
|     |     |     |     |     |     |     |      EndLine 2387..2389
|     |     |     |     |     |     |     |     |      EndLine 2387..2389 "\r\n"
|     |     |     |     |     |     |     |      WhiteSpace 2389..2397
|     |     |     |     |     |     |     |     |      WhiteSpace 2389..2397 "        "
|     |     |     |     |     |     |     |      CommentLine 2397..2415
|     |     |     |     |     |     |     |     |      CommentLine 2397..2415 "// Ensure the sum;"
|     |     |     |     |     |     |     |      EndLine 2415..2417
|     |     |     |     |     |     |     |     |      EndLine 2415..2417 "\r\n"
|     |     |     |     |     |     |     |      WhiteSpace 2417..2421
|     |     |     |     |     |     |     |     |      WhiteSpace 2417..2421 "    "
|     |     |     |     |     |     |     |      EndLine 2421..2423
|     |     |     |     |     |     |     |     |      EndLine 2421..2423 "\r\n"
|     |     |     |     |     |     |     |      WhiteSpace 2423..2431
|     |     |     |     |     |     |     |     |      WhiteSpace 2423..2431 "        "
|     |     |     |     |     |     |     |      AssignStatement 2431..2443
|     |     |     |     |     |     |     |     |      Expression 2431..2435
|     |     |     |     |     |     |     |     |     |      ExpressionAtom 2431..2434
|     |     |     |     |     |     |     |     |     |     |      Identifier 2431..2434
|     |     |     |     |     |     |     |     |     |     |     |      Identifier 2431..2434 "lin"
|     |     |     |     |     |     |     |     |     |      WhiteSpace 2434..2435
|     |     |     |     |     |     |     |     |     |     |      WhiteSpace 2434..2435 " "
|     |     |     |     |     |     |     |     |      EqualSignal 2435..2438
|     |     |     |     |     |     |     |     |     |      EqualSignal 2435..2438 "==="
|     |     |     |     |     |     |     |     |      WhiteSpace 2438..2439
|     |     |     |     |     |     |     |     |     |      WhiteSpace 2438..2439 " "
|     |     |     |     |     |     |     |     |      Expression 2439..2443
|     |     |     |     |     |     |     |     |     |      ExpressionAtom 2439..2443
|     |     |     |     |     |     |     |     |     |     |      Identifier 2439..2443
|     |     |     |     |     |     |     |     |     |     |     |      Identifier 2439..2443 "lout"
|     |     |     |     |     |     |     |      Semicolon 2443..2444
|     |     |     |     |     |     |     |     |      Semicolon 2443..2444 ";"
|     |     |     |     |     |     |     |      EndLine 2444..2446
|     |     |     |     |     |     |     |     |      EndLine 2444..2446 "\r\n"
|     |     |     |     |     |     |     |      WhiteSpace 2446..2450
|     |     |     |     |     |     |     |     |      WhiteSpace 2446..2450 "    "
|     |     |     |     |     |     |      RCurly 2450..2451
|     |     |     |     |     |     |     |      RCurly 2450..2451 "}"
|     |     |     |     |      EndLine 2451..2453
|     |     |     |     |     |      EndLine 2451..2453 "\r\n"
|     |     |     |      RCurly 2453..2454
|     |     |     |     |      RCurly 2453..2454 "}"
|      EndLine 2454..2458
|     |      EndLine 2454..2458 "\r\n\r\n"
|      MainComponent 2458..2510
|     |      ComponentKw 2458..2467
|     |     |      ComponentKw 2458..2467 "component"
|     |      WhiteSpace 2467..2468
|     |     |      WhiteSpace 2467..2468 " "
|     |      MainKw 2468..2472
|     |     |      MainKw 2468..2472 "main"
|     |      WhiteSpace 2472..2473
|     |     |      WhiteSpace 2472..2473 " "
|     |      PublicSignals 2473..2494
|     |     |      LCurly 2473..2474
|     |     |     |      LCurly 2473..2474 "{"
|     |     |      PublicKw 2474..2480
|     |     |     |      PublicKw 2474..2480 "public"
|     |     |      WhiteSpace 2480..2481
|     |     |     |      WhiteSpace 2480..2481 " "
|     |     |      LBracket 2481..2482
|     |     |     |      LBracket 2481..2482 "["
|     |     |      Identifier 2482..2491
|     |     |     |      Identifier 2482..2491 "public_in"
|     |     |      RBracket 2491..2492
|     |     |     |      RBracket 2491..2492 "]"
|     |     |      WhiteSpace 2492..2493
|     |     |     |      WhiteSpace 2492..2493 " "
|     |     |      RCurly 2493..2494
|     |     |     |      RCurly 2493..2494 "}"
|     |      WhiteSpace 2494..2495
|     |     |      WhiteSpace 2494..2495 " "
|     |      Assign 2495..2496
|     |     |      Assign 2495..2496 "="
|     |      WhiteSpace 2496..2497
|     |     |      WhiteSpace 2496..2497 " "
|     |      TemplateInstantiation 2497..2509
|     |     |      TemplateName 2497..2503
|     |     |     |      Identifier 2497..2503
|     |     |     |     |      Identifier 2497..2503 "BinSum"
|     |     |      ArgumentList 2503..2509
|     |     |     |      LParen 2503..2504
|     |     |     |     |      LParen 2503..2504 "("
|     |     |     |      Expression 2504..2508
|     |     |     |     |      Comma 2504..2508
|     |     |     |     |     |      ExpressionAtom 2504..2505
|     |     |     |     |     |     |      Number 2504..2505
|     |     |     |     |     |     |     |      Number 2504..2505 "2"
|     |     |     |     |     |      Comma 2505..2506
|     |     |     |     |     |     |      Comma 2505..2506 ","
|     |     |     |     |     |      WhiteSpace 2506..2507
|     |     |     |     |     |     |      WhiteSpace 2506..2507 " "
|     |     |     |     |     |      ExpressionAtom 2507..2508
|     |     |     |     |     |     |      Number 2507..2508
|     |     |     |     |     |     |     |      Number 2507..2508 "3"
|     |     |     |      RParen 2508..2509
|     |     |     |     |      RParen 2508..2509 ")"
|     |      Semicolon 2509..2510
|     |     |      Semicolon 2509..2510 ";"
|      EndLine 2510..2512
|     |      EndLine 2510..2512 "\r\n"
