---
source: crates/syntax/src/syntax.rs
expression: view_ast(& syntax)
---
 program 0..456
|      error 0..456
|     |      LBrace 0..1 "{"
|     |      Whitespace 1..7 "\r\n    "
|     |      CommentLine 7..22 "// if ... else "
|     |      Whitespace 22..28 "\r\n    "
|     |      If 28..30 "if"
|     |      LPar 30..31 "("
|     |      Identifier 31..32 "n"
|     |      Whitespace 32..33 " "
|     |      EqEq 33..35 "=="
|     |      Whitespace 35..36 " "
|     |      Number 36..37 "2"
|     |      RPar 37..38 ")"
|     |      Whitespace 38..39 " "
|     |      LBrace 39..40 "{"
|     |      Whitespace 40..50 "\r\n        "
|     |      Identifier 50..53 "aux"
|     |      Whitespace 53..54 " "
|     |      ConstrainL 54..57 "<=="
|     |      Whitespace 57..58 " "
|     |      Number 58..59 "2"
|     |      Semi 59..60 ";"
|     |      Whitespace 60..70 "\r\n        "
|     |      Identifier 70..73 "out"
|     |      Whitespace 73..74 " "
|     |      ConstrainL 74..77 "<=="
|     |      Whitespace 77..78 " "
|     |      Identifier 78..79 "B"
|     |      LPar 79..80 "("
|     |      RPar 80..81 ")"
|     |      LPar 81..82 "("
|     |      Identifier 82..85 "aux"
|     |      RPar 85..86 ")"
|     |      Semi 86..87 ";"
|     |      Whitespace 87..93 "\r\n    "
|     |      RBrace 93..94 "}"
|     |      Whitespace 94..95 " "
|     |      Else 95..99 "else"
|     |      Whitespace 99..100 " "
|     |      LBrace 100..101 "{"
|     |      Whitespace 101..111 "\r\n        "
|     |      Identifier 111..114 "out"
|     |      Whitespace 114..115 " "
|     |      ConstrainL 115..118 "<=="
|     |      Whitespace 118..119 " "
|     |      Number 119..120 "5"
|     |      Semi 120..121 ";"
|     |      Whitespace 121..127 "\r\n    "
|     |      RBrace 127..128 "}"
|     |      Whitespace 128..136 "\r\n\r\n    "
|     |      CommentLine 136..142 "// for"
|     |      Whitespace 142..148 "\r\n    "
|     |      For 148..151 "for"
|     |      LPar 151..152 "("
|     |      Var 152..155 "var"
|     |      Whitespace 155..156 " "
|     |      Identifier 156..157 "i"
|     |      Whitespace 157..158 " "
|     |      Eq 158..159 "="
|     |      Whitespace 159..160 " "
|     |      Number 160..161 "0"
|     |      Semi 161..162 ";"
|     |      Whitespace 162..163 " "
|     |      Identifier 163..164 "i"
|     |      Whitespace 164..165 " "
|     |      LessThan 165..166 "<"
|     |      Whitespace 166..167 " "
|     |      Identifier 167..168 "N"
|     |      Minus 168..169 "-"
|     |      Number 169..170 "1"
|     |      Semi 170..171 ";"
|     |      Whitespace 171..172 " "
|     |      Identifier 172..173 "i"
|     |      PlusPlus 173..175 "++"
|     |      RPar 175..176 ")"
|     |      LBrace 176..177 "{"
|     |      Whitespace 177..187 "\r\n        "
|     |      Identifier 187..191 "comp"
|     |      LBrack 191..192 "["
|     |      Identifier 192..193 "i"
|     |      RBrack 193..194 "]"
|     |      Whitespace 194..195 " "
|     |      Eq 195..196 "="
|     |      Whitespace 196..197 " "
|     |      Identifier 197..208 "Multiplier2"
|     |      LPar 208..209 "("
|     |      RPar 209..210 ")"
|     |      Semi 210..211 ";"
|     |      Whitespace 211..217 "\r\n    "
|     |      RBrace 217..218 "}"
|     |      Whitespace 218..226 "\r\n\r\n    "
|     |      CommentLine 226..234 "// while"
|     |      Whitespace 234..240 "\r\n    "
|     |      While 240..245 "while"
|     |      Whitespace 245..246 " "
|     |      LPar 246..247 "("
|     |      Identifier 247..248 "n"
|     |      Minus 248..249 "-"
|     |      Number 249..250 "1"
|     |      LessThan 250..251 "<"
|     |      Identifier 251..252 "a"
|     |      RPar 252..253 ")"
|     |      Whitespace 253..254 " "
|     |      LBrace 254..255 "{"
|     |      Whitespace 255..265 "\r\n        "
|     |      Identifier 265..266 "r"
|     |      PlusPlus 266..268 "++"
|     |      Semi 268..269 ";"
|     |      Whitespace 269..279 "\r\n        "
|     |      Identifier 279..280 "n"
|     |      Whitespace 280..281 " "
|     |      StarEq 281..283 "*="
|     |      Whitespace 283..284 " "
|     |      Number 284..285 "2"
|     |      Semi 285..286 ";"
|     |      Whitespace 286..292 "\r\n    "
|     |      RBrace 292..293 "}"
|     |      Whitespace 293..301 "\r\n\r\n    "
|     |      CommentLine 301..310 "// return"
|     |      Whitespace 310..316 "\r\n    "
|     |      Return 316..322 "return"
|     |      Whitespace 322..323 " "
|     |      Identifier 323..324 "r"
|     |      Semi 324..325 ";"
|     |      Whitespace 325..333 "\r\n\r\n    "
|     |      CommentLine 333..339 "// log"
|     |      Whitespace 339..345 "\r\n    "
|     |      Log 345..348 "log"
|     |      LPar 348..349 "("
|     |      String 349..355 "\"hash\""
|     |      Comma 355..356 ","
|     |      Whitespace 356..357 " "
|     |      Identifier 357..361 "hash"
|     |      Dot 361..362 "."
|     |      Identifier 362..365 "out"
|     |      RPar 365..366 ")"
|     |      Semi 366..367 ";"
|     |      Whitespace 367..375 "\r\n\r\n    "
|     |      CommentLine 375..384 "// assert"
|     |      Whitespace 384..390 "\r\n    "
|     |      Assert 390..396 "assert"
|     |      LPar 396..397 "("
|     |      Identifier 397..398 "a"
|     |      Whitespace 398..399 " "
|     |      GreaterThan 399..400 ">"
|     |      Whitespace 400..401 " "
|     |      Number 401..402 "2"
|     |      RPar 402..403 ")"
|     |      Semi 403..404 ";"
|     |      Whitespace 404..412 "\r\n\r\n    "
|     |      CommentLine 412..435 "// assignment statement"
|     |      Whitespace 435..441 "\r\n    "
|     |      Identifier 441..442 "c"
|     |      Whitespace 442..443 " "
|     |      ConstrainL 443..446 "<=="
|     |      Whitespace 446..447 " "
|     |      Identifier 447..448 "a"
|     |      Whitespace 448..449 " "
|     |      Star 449..450 "*"
|     |      Whitespace 450..451 " "
|     |      Identifier 451..452 "b"
|     |      Semi 452..453 ";"
|     |      Whitespace 453..455 "\r\n"
|     |      RBrace 455..456 "}"
