---
source: crates/syntax/src/syntax.rs
expression: view_ast(& syntax)
---
 program 0..45
|      Whitespace 0..2 "\r\n"
|      CommentLine 2..15 "// comment :>"
|      Whitespace 15..23 "\r\n\r\n    "
|      pragma 23..43
|     |      Pragma 23..29 "pragma"
|     |      Whitespace 29..30 " "
|     |      Circom 30..36 "circom"
|     |      Whitespace 36..37 " "
|     |      Version 37..42 "2.0.0"
|     |      Semi 42..43 ";"
|      Whitespace 43..45 "\r\n"
