---
source: crates/syntax/src/syntax.rs
expression: view_ast(& syntax)
---
 program 0..533
|      error 0..94
|     |      LBrace 0..1 "{"
|     |      Whitespace 1..4 "\r\n "
|     |      CommentLine 4..29 "//Declaration of signals."
|     |      Whitespace 29..43 "\r\n            "
|     |      Signal 43..49 "signal"
|     |      Whitespace 49..50 " "
|     |      Input 50..55 "input"
|     |      Whitespace 55..56 " "
|     |      Identifier 56..58 "in"
|     |      LBrack 58..59 "["
|     |      Identifier 59..60 "N"
|     |      RBrack 60..61 "]"
|     |      Semi 61..62 ";"
|     |      Whitespace 62..76 "\r\n            "
|     |      Signal 76..82 "signal"
|     |      Whitespace 82..83 " "
|     |      Output 83..89 "output"
|     |      Whitespace 89..90 " "
|     |      Identifier 90..93 "out"
|     |      Semi 93..94 ";"
|      Whitespace 94..108 "\r\n            "
|      main_component 108..199
|     |      Component 108..117 "component"
|     |      Whitespace 117..118 " "
|     |      error 118..180
|     |     |      Identifier 118..122 "comp"
|     |     |      LBrack 122..123 "["
|     |     |      Identifier 123..124 "N"
|     |     |      Minus 124..125 "-"
|     |     |      Number 125..126 "1"
|     |     |      RBrack 126..127 "]"
|     |     |      Semi 127..128 ";"
|     |     |      Whitespace 128..144 "\r\n\r\n            "
|     |     |      CommentLine 144..157 "//Statements."
|     |     |      Whitespace 157..171 "\r\n            "
|     |     |      For 171..174 "for"
|     |     |      LPar 174..175 "("
|     |     |      Var 175..178 "var"
|     |     |      Whitespace 178..179 " "
|     |     |      Identifier 179..180 "i"
|     |      Whitespace 180..181 " "
|     |      Eq 181..182 "="
|     |      Whitespace 182..183 " "
|     |      template_call 183..199
|     |     |      arg_list 183..198
|     |     |     |      expr 183..184
|     |     |     |     |      primary_expr 183..184
|     |     |     |     |     |      Number 183..184 "0"
|     |     |     |      error 184..198
|     |     |     |     |      Semi 184..185 ";"
|     |     |     |     |      Whitespace 185..186 " "
|     |     |     |     |      Identifier 186..187 "i"
|     |     |     |     |      Whitespace 187..188 " "
|     |     |     |     |      LessThan 188..189 "<"
|     |     |     |     |      Whitespace 189..190 " "
|     |     |     |     |      Identifier 190..191 "N"
|     |     |     |     |      Minus 191..192 "-"
|     |     |     |     |      Number 192..193 "1"
|     |     |     |     |      Semi 193..194 ";"
|     |     |     |     |      Whitespace 194..195 " "
|     |     |     |     |      Identifier 195..196 "i"
|     |     |     |     |      PlusPlus 196..198 "++"
|     |     |      RPar 198..199 ")"
|      error 199..533
|     |      LBrace 199..200 "{"
|     |      Whitespace 200..218 "\r\n                "
|     |      Identifier 218..222 "comp"
|     |      LBrack 222..223 "["
|     |      Identifier 223..224 "i"
|     |      RBrack 224..225 "]"
|     |      Whitespace 225..226 " "
|     |      Eq 226..227 "="
|     |      Whitespace 227..228 " "
|     |      Identifier 228..239 "Multiplier2"
|     |      LPar 239..240 "("
|     |      RPar 240..241 ")"
|     |      Semi 241..242 ";"
|     |      Whitespace 242..256 "\r\n            "
|     |      RBrace 256..257 "}"
|     |      Whitespace 257..271 "\r\n            "
|     |      Identifier 271..275 "comp"
|     |      LBrack 275..276 "["
|     |      Number 276..277 "0"
|     |      RBrack 277..278 "]"
|     |      Dot 278..279 "."
|     |      Identifier 279..282 "in1"
|     |      Whitespace 282..283 " "
|     |      ConstrainL 283..286 "<=="
|     |      Whitespace 286..287 " "
|     |      Identifier 287..289 "in"
|     |      LBrack 289..290 "["
|     |      Number 290..291 "0"
|     |      RBrack 291..292 "]"
|     |      Semi 292..293 ";"
|     |      Whitespace 293..307 "\r\n            "
|     |      Identifier 307..311 "comp"
|     |      LBrack 311..312 "["
|     |      Number 312..313 "0"
|     |      RBrack 313..314 "]"
|     |      Dot 314..315 "."
|     |      Identifier 315..318 "in2"
|     |      Whitespace 318..319 " "
|     |      ConstrainL 319..322 "<=="
|     |      Whitespace 322..323 " "
|     |      Identifier 323..325 "in"
|     |      LBrack 325..326 "["
|     |      Number 326..327 "1"
|     |      RBrack 327..328 "]"
|     |      Semi 328..329 ";"
|     |      Whitespace 329..343 "\r\n            "
|     |      For 343..346 "for"
|     |      LPar 346..347 "("
|     |      Var 347..350 "var"
|     |      Whitespace 350..351 " "
|     |      Identifier 351..352 "i"
|     |      Whitespace 352..353 " "
|     |      Eq 353..354 "="
|     |      Whitespace 354..355 " "
|     |      Number 355..356 "0"
|     |      Semi 356..357 ";"
|     |      Whitespace 357..358 " "
|     |      Identifier 358..359 "i"
|     |      Whitespace 359..360 " "
|     |      LessThan 360..361 "<"
|     |      Whitespace 361..362 " "
|     |      Identifier 362..363 "N"
|     |      Minus 363..364 "-"
|     |      Number 364..365 "2"
|     |      Semi 365..366 ";"
|     |      Whitespace 366..367 " "
|     |      Identifier 367..368 "i"
|     |      PlusPlus 368..370 "++"
|     |      RPar 370..371 ")"
|     |      LBrace 371..372 "{"
|     |      Whitespace 372..390 "\r\n                "
|     |      Identifier 390..394 "comp"
|     |      LBrack 394..395 "["
|     |      Identifier 395..396 "i"
|     |      Plus 396..397 "+"
|     |      Number 397..398 "1"
|     |      RBrack 398..399 "]"
|     |      Dot 399..400 "."
|     |      Identifier 400..403 "in1"
|     |      Whitespace 403..404 " "
|     |      ConstrainL 404..407 "<=="
|     |      Whitespace 407..408 " "
|     |      Identifier 408..412 "comp"
|     |      LBrack 412..413 "["
|     |      Identifier 413..414 "i"
|     |      RBrack 414..415 "]"
|     |      Dot 415..416 "."
|     |      Identifier 416..419 "out"
|     |      Semi 419..420 ";"
|     |      Whitespace 420..438 "\r\n                "
|     |      Identifier 438..442 "comp"
|     |      LBrack 442..443 "["
|     |      Identifier 443..444 "i"
|     |      Plus 444..445 "+"
|     |      Number 445..446 "1"
|     |      RBrack 446..447 "]"
|     |      Dot 447..448 "."
|     |      Identifier 448..451 "in2"
|     |      Whitespace 451..452 " "
|     |      ConstrainL 452..455 "<=="
|     |      Whitespace 455..456 " "
|     |      Identifier 456..458 "in"
|     |      LBrack 458..459 "["
|     |      Identifier 459..460 "i"
|     |      Plus 460..461 "+"
|     |      Number 461..462 "2"
|     |      RBrack 462..463 "]"
|     |      Semi 463..464 ";"
|     |      Whitespace 464..480 "\r\n\r\n            "
|     |      RBrace 480..481 "}"
|     |      Whitespace 481..495 "\r\n            "
|     |      Identifier 495..498 "out"
|     |      Whitespace 498..499 " "
|     |      ConstrainL 499..502 "<=="
|     |      Whitespace 502..503 " "
|     |      Identifier 503..507 "comp"
|     |      LBrack 507..508 "["
|     |      Identifier 508..509 "N"
|     |      Minus 509..510 "-"
|     |      Number 510..511 "2"
|     |      RBrack 511..512 "]"
|     |      Dot 512..513 "."
|     |      Identifier 513..516 "out"
|     |      Semi 516..517 ";"
|     |      Whitespace 517..532 " \r\n            "
|     |      RBrace 532..533 "}"
